Archive member included to satisfy reference by file (symbol)

c:/st/stm32cubeide_1.10.1/stm32cubeide/plugins/com.st.stm32cube.ide.mcu.externaltools.gnu-tools-for-stm32.10.3-2021.10.win32_1.0.0.202111181127/tools/bin/../lib/gcc/arm-none-eabi/10.3.1/../../../../arm-none-eabi/lib/thumb/v6-m/nofp\libc_nano.a(lib_a-errno.o)
                              ./Core/Src/syscalls.o (__errno)
c:/st/stm32cubeide_1.10.1/stm32cubeide/plugins/com.st.stm32cube.ide.mcu.externaltools.gnu-tools-for-stm32.10.3-2021.10.win32_1.0.0.202111181127/tools/bin/../lib/gcc/arm-none-eabi/10.3.1/../../../../arm-none-eabi/lib/thumb/v6-m/nofp\libc_nano.a(lib_a-exit.o)
                              c:/st/stm32cubeide_1.10.1/stm32cubeide/plugins/com.st.stm32cube.ide.mcu.externaltools.gnu-tools-for-stm32.10.3-2021.10.win32_1.0.0.202111181127/tools/bin/../lib/gcc/arm-none-eabi/10.3.1/../../../../arm-none-eabi/lib/thumb/v6-m/nofp/crt0.o (exit)
c:/st/stm32cubeide_1.10.1/stm32cubeide/plugins/com.st.stm32cube.ide.mcu.externaltools.gnu-tools-for-stm32.10.3-2021.10.win32_1.0.0.202111181127/tools/bin/../lib/gcc/arm-none-eabi/10.3.1/../../../../arm-none-eabi/lib/thumb/v6-m/nofp\libc_nano.a(lib_a-impure.o)
                              c:/st/stm32cubeide_1.10.1/stm32cubeide/plugins/com.st.stm32cube.ide.mcu.externaltools.gnu-tools-for-stm32.10.3-2021.10.win32_1.0.0.202111181127/tools/bin/../lib/gcc/arm-none-eabi/10.3.1/../../../../arm-none-eabi/lib/thumb/v6-m/nofp\libc_nano.a(lib_a-exit.o) (_global_impure_ptr)
c:/st/stm32cubeide_1.10.1/stm32cubeide/plugins/com.st.stm32cube.ide.mcu.externaltools.gnu-tools-for-stm32.10.3-2021.10.win32_1.0.0.202111181127/tools/bin/../lib/gcc/arm-none-eabi/10.3.1/../../../../arm-none-eabi/lib/thumb/v6-m/nofp\libc_nano.a(lib_a-init.o)
                              c:/st/stm32cubeide_1.10.1/stm32cubeide/plugins/com.st.stm32cube.ide.mcu.externaltools.gnu-tools-for-stm32.10.3-2021.10.win32_1.0.0.202111181127/tools/bin/../lib/gcc/arm-none-eabi/10.3.1/../../../../arm-none-eabi/lib/thumb/v6-m/nofp/crt0.o (__libc_init_array)
c:/st/stm32cubeide_1.10.1/stm32cubeide/plugins/com.st.stm32cube.ide.mcu.externaltools.gnu-tools-for-stm32.10.3-2021.10.win32_1.0.0.202111181127/tools/bin/../lib/gcc/arm-none-eabi/10.3.1/../../../../arm-none-eabi/lib/thumb/v6-m/nofp\libc_nano.a(lib_a-memset.o)
                              c:/st/stm32cubeide_1.10.1/stm32cubeide/plugins/com.st.stm32cube.ide.mcu.externaltools.gnu-tools-for-stm32.10.3-2021.10.win32_1.0.0.202111181127/tools/bin/../lib/gcc/arm-none-eabi/10.3.1/../../../../arm-none-eabi/lib/thumb/v6-m/nofp/crt0.o (memset)
c:/st/stm32cubeide_1.10.1/stm32cubeide/plugins/com.st.stm32cube.ide.mcu.externaltools.gnu-tools-for-stm32.10.3-2021.10.win32_1.0.0.202111181127/tools/bin/../lib/gcc/arm-none-eabi/10.3.1/thumb/v6-m/nofp\libgcc.a(_udivsi3.o)
                              ./Core/Src/system_stm32g0xx.o (__aeabi_uidiv)
c:/st/stm32cubeide_1.10.1/stm32cubeide/plugins/com.st.stm32cube.ide.mcu.externaltools.gnu-tools-for-stm32.10.3-2021.10.win32_1.0.0.202111181127/tools/bin/../lib/gcc/arm-none-eabi/10.3.1/thumb/v6-m/nofp\libgcc.a(_dvmd_tls.o)
                              c:/st/stm32cubeide_1.10.1/stm32cubeide/plugins/com.st.stm32cube.ide.mcu.externaltools.gnu-tools-for-stm32.10.3-2021.10.win32_1.0.0.202111181127/tools/bin/../lib/gcc/arm-none-eabi/10.3.1/thumb/v6-m/nofp\libgcc.a(_udivsi3.o) (__aeabi_idiv0)

Discarded input sections

 .text          0x0000000000000000        0x0 c:/st/stm32cubeide_1.10.1/stm32cubeide/plugins/com.st.stm32cube.ide.mcu.externaltools.gnu-tools-for-stm32.10.3-2021.10.win32_1.0.0.202111181127/tools/bin/../lib/gcc/arm-none-eabi/10.3.1/thumb/v6-m/nofp/crti.o
 .data          0x0000000000000000        0x0 c:/st/stm32cubeide_1.10.1/stm32cubeide/plugins/com.st.stm32cube.ide.mcu.externaltools.gnu-tools-for-stm32.10.3-2021.10.win32_1.0.0.202111181127/tools/bin/../lib/gcc/arm-none-eabi/10.3.1/thumb/v6-m/nofp/crti.o
 .bss           0x0000000000000000        0x0 c:/st/stm32cubeide_1.10.1/stm32cubeide/plugins/com.st.stm32cube.ide.mcu.externaltools.gnu-tools-for-stm32.10.3-2021.10.win32_1.0.0.202111181127/tools/bin/../lib/gcc/arm-none-eabi/10.3.1/thumb/v6-m/nofp/crti.o
 .data          0x0000000000000000        0x4 c:/st/stm32cubeide_1.10.1/stm32cubeide/plugins/com.st.stm32cube.ide.mcu.externaltools.gnu-tools-for-stm32.10.3-2021.10.win32_1.0.0.202111181127/tools/bin/../lib/gcc/arm-none-eabi/10.3.1/thumb/v6-m/nofp/crtbegin.o
 .rodata        0x0000000000000000       0x24 c:/st/stm32cubeide_1.10.1/stm32cubeide/plugins/com.st.stm32cube.ide.mcu.externaltools.gnu-tools-for-stm32.10.3-2021.10.win32_1.0.0.202111181127/tools/bin/../lib/gcc/arm-none-eabi/10.3.1/thumb/v6-m/nofp/crtbegin.o
 .text          0x0000000000000000       0x80 c:/st/stm32cubeide_1.10.1/stm32cubeide/plugins/com.st.stm32cube.ide.mcu.externaltools.gnu-tools-for-stm32.10.3-2021.10.win32_1.0.0.202111181127/tools/bin/../lib/gcc/arm-none-eabi/10.3.1/../../../../arm-none-eabi/lib/thumb/v6-m/nofp/crt0.o
[...]
Memory Configuration

Name             Origin             Length             Attributes
RAM              0x0000000020000000 0x0000000000002000 xrw
FLASH            0x0000000008000000 0x0000000000010000 xr
*default*        0x0000000000000000 0xffffffffffffffff

Linker script and memory map

LOAD c:/st/stm32cubeide_1.10.1/stm32cubeide/plugins/com.st.stm32cube.ide.mcu.externaltools.gnu-tools-for-stm32.10.3-2021.10.win32_1.0.0.202111181127/tools/bin/../lib/gcc/arm-none-eabi/10.3.1/thumb/v6-m/nofp/crti.o
LOAD c:/st/stm32cubeide_1.10.1/stm32cubeide/plugins/com.st.stm32cube.ide.mcu.externaltools.gnu-tools-for-stm32.10.3-2021.10.win32_1.0.0.202111181127/tools/bin/../lib/gcc/arm-none-eabi/10.3.1/thumb/v6-m/nofp/crtbegin.o
LOAD c:/st/stm32cubeide_1.10.1/stm32cubeide/plugins/com.st.stm32cube.ide.mcu.externaltools.gnu-tools-for-stm32.10.3-2021.10.win32_1.0.0.202111181127/tools/bin/../lib/gcc/arm-none-eabi/10.3.1/../../../../arm-none-eabi/lib/thumb/v6-m/nofp/crt0.o
LOAD ./Core/Src/main.o
LOAD ./Core/Src/stm32g0xx_hal_msp.o
LOAD ./Core/Src/stm32g0xx_it.o
LOAD ./Core/Src/syscalls.o
LOAD ./Core/Src/sysmem.o
LOAD ./Core/Src/system_stm32g0xx.o
LOAD ./Core/Src/tim.o
LOAD ./Core/Startup/startup_stm32g030c8tx.o
LOAD ./Drivers/STM32G0xx_HAL_Driver/Src/stm32g0xx_hal.o
LOAD ./Drivers/STM32G0xx_HAL_Driver/Src/stm32g0xx_hal_cortex.o
LOAD ./Drivers/STM32G0xx_HAL_Driver/Src/stm32g0xx_hal_dma.o
LOAD ./Drivers/STM32G0xx_HAL_Driver/Src/stm32g0xx_hal_dma_ex.o
LOAD ./Drivers/STM32G0xx_HAL_Driver/Src/stm32g0xx_hal_exti.o
LOAD ./Drivers/STM32G0xx_HAL_Driver/Src/stm32g0xx_hal_flash.o
LOAD ./Drivers/STM32G0xx_HAL_Driver/Src/stm32g0xx_hal_flash_ex.o
LOAD ./Drivers/STM32G0xx_HAL_Driver/Src/stm32g0xx_hal_gpio.o
LOAD ./Drivers/STM32G0xx_HAL_Driver/Src/stm32g0xx_hal_pwr.o
LOAD ./Drivers/STM32G0xx_HAL_Driver/Src/stm32g0xx_hal_pwr_ex.o
LOAD ./Drivers/STM32G0xx_HAL_Driver/Src/stm32g0xx_hal_rcc.o
LOAD ./Drivers/STM32G0xx_HAL_Driver/Src/stm32g0xx_hal_rcc_ex.o
LOAD ./Drivers/STM32G0xx_HAL_Driver/Src/stm32g0xx_hal_tim.o
LOAD ./Drivers/STM32G0xx_HAL_Driver/Src/stm32g0xx_hal_tim_ex.o
LOAD ./Drivers/STM32G0xx_HAL_Driver/Src/stm32g0xx_ll_dma.o
LOAD ./Drivers/STM32G0xx_HAL_Driver/Src/stm32g0xx_ll_rcc.o
START GROUP
LOAD c:/st/stm32cubeide_1.10.1/stm32cubeide/plugins/com.st.stm32cube.ide.mcu.externaltools.gnu-tools-for-stm32.10.3-2021.10.win32_1.0.0.202111181127/tools/bin/../lib/gcc/arm-none-eabi/10.3.1/../../../../arm-none-eabi/lib/thumb/v6-m/nofp\libc_nano.a
LOAD c:/st/stm32cubeide_1.10.1/stm32cubeide/plugins/com.st.stm32cube.ide.mcu.externaltools.gnu-tools-for-stm32.10.3-2021.10.win32_1.0.0.202111181127/tools/bin/../lib/gcc/arm-none-eabi/10.3.1/../../../../arm-none-eabi/lib/thumb/v6-m/nofp\libm.a
END GROUP
START GROUP
LOAD c:/st/stm32cubeide_1.10.1/stm32cubeide/plugins/com.st.stm32cube.ide.mcu.externaltools.gnu-tools-for-stm32.10.3-2021.10.win32_1.0.0.202111181127/tools/bin/../lib/gcc/arm-none-eabi/10.3.1/thumb/v6-m/nofp\libgcc.a
LOAD c:/st/stm32cubeide_1.10.1/stm32cubeide/plugins/com.st.stm32cube.ide.mcu.externaltools.gnu-tools-for-stm32.10.3-2021.10.win32_1.0.0.202111181127/tools/bin/../lib/gcc/arm-none-eabi/10.3.1/../../../../arm-none-eabi/lib/thumb/v6-m/nofp\libc_nano.a
END GROUP
START GROUP
LOAD c:/st/stm32cubeide_1.10.1/stm32cubeide/plugins/com.st.stm32cube.ide.mcu.externaltools.gnu-tools-for-stm32.10.3-2021.10.win32_1.0.0.202111181127/tools/bin/../lib/gcc/arm-none-eabi/10.3.1/thumb/v6-m/nofp\libgcc.a
LOAD c:/st/stm32cubeide_1.10.1/stm32cubeide/plugins/com.st.stm32cube.ide.mcu.externaltools.gnu-tools-for-stm32.10.3-2021.10.win32_1.0.0.202111181127/tools/bin/../lib/gcc/arm-none-eabi/10.3.1/../../../../arm-none-eabi/lib/thumb/v6-m/nofp\libc_nano.a
LOAD c:/st/stm32cubeide_1.10.1/stm32cubeide/plugins/com.st.stm32cube.ide.mcu.externaltools.gnu-tools-for-stm32.10.3-2021.10.win32_1.0.0.202111181127/tools/bin/../lib/gcc/arm-none-eabi/10.3.1/../../../../arm-none-eabi/lib/thumb/v6-m/nofp\libnosys.a
END GROUP
START GROUP
LOAD c:/st/stm32cubeide_1.10.1/stm32cubeide/plugins/com.st.stm32cube.ide.mcu.externaltools.gnu-tools-for-stm32.10.3-2021.10.win32_1.0.0.202111181127/tools/bin/../lib/gcc/arm-none-eabi/10.3.1/thumb/v6-m/nofp\libgcc.a
LOAD c:/st/stm32cubeide_1.10.1/stm32cubeide/plugins/com.st.stm32cube.ide.mcu.externaltools.gnu-tools-for-stm32.10.3-2021.10.win32_1.0.0.202111181127/tools/bin/../lib/gcc/arm-none-eabi/10.3.1/../../../../arm-none-eabi/lib/thumb/v6-m/nofp\libc_nano.a
LOAD c:/st/stm32cubeide_1.10.1/stm32cubeide/plugins/com.st.stm32cube.ide.mcu.externaltools.gnu-tools-for-stm32.10.3-2021.10.win32_1.0.0.202111181127/tools/bin/../lib/gcc/arm-none-eabi/10.3.1/../../../../arm-none-eabi/lib/thumb/v6-m/nofp\libnosys.a
END GROUP
LOAD c:/st/stm32cubeide_1.10.1/stm32cubeide/plugins/com.st.stm32cube.ide.mcu.externaltools.gnu-tools-for-stm32.10.3-2021.10.win32_1.0.0.202111181127/tools/bin/../lib/gcc/arm-none-eabi/10.3.1/thumb/v6-m/nofp/crtend.o
LOAD c:/st/stm32cubeide_1.10.1/stm32cubeide/plugins/com.st.stm32cube.ide.mcu.externaltools.gnu-tools-for-stm32.10.3-2021.10.win32_1.0.0.202111181127/tools/bin/../lib/gcc/arm-none-eabi/10.3.1/thumb/v6-m/nofp/crtn.o
                0x0000000020002000                _estack = (ORIGIN (RAM) + LENGTH (RAM))
                0x0000000000000200                _Min_Heap_Size = 0x200
                0x0000000000000400                _Min_Stack_Size = 0x400

.isr_vector     0x0000000008000000       0xb8
                0x0000000008000000                . = ALIGN (0x4)
 *(.isr_vector)
 .isr_vector    0x0000000008000000       0xb8 ./Core/Startup/startup_stm32g030c8tx.o
                0x0000000008000000                g_pfnVectors
                0x00000000080000b8                . = ALIGN (0x4)

.text           0x00000000080000b8     0x2a00
                0x00000000080000b8                . = ALIGN (0x4)
 *(.text)
 .text          0x00000000080000b8       0x48 c:/st/stm32cubeide_1.10.1/stm32cubeide/plugins/com.st.stm32cube.ide.mcu.externaltools.gnu-tools-for-stm32.10.3-2021.10.win32_1.0.0.202111181127/tools/bin/../lib/gcc/arm-none-eabi/10.3.1/thumb/v6-m/nofp/crtbegin.o
 .text          0x0000000008000100      0x114 c:/st/stm32cubeide_1.10.1/stm32cubeide/plugins/com.st.stm32cube.ide.mcu.externaltools.gnu-tools-for-stm32.10.3-2021.10.win32_1.0.0.202111181127/tools/bin/../lib/gcc/arm-none-eabi/10.3.1/thumb/v6-m/nofp\libgcc.a(_udivsi3.o)
                0x0000000008000100                __aeabi_uidiv
                0x0000000008000100                __udivsi3
                0x000000000800020c                __aeabi_uidivmod
 .text          0x0000000008000214        0x4 c:/st/stm32cubeide_1.10.1/stm32cubeide/plugins/com.st.stm32cube.ide.mcu.externaltools.gnu-tools-for-stm32.10.3-2021.10.win32_1.0.0.202111181127/tools/bin/../lib/gcc/arm-none-eabi/10.3.1/thumb/v6-m/nofp\libgcc.a(_dvmd_tls.o)
                0x0000000008000214                __aeabi_idiv0
                0x0000000008000214                __aeabi_ldiv0
 *(.text*)
 .text.initPortClocks
                0x0000000008000218       0x44 ./Core/Src/main.o
                0x0000000008000218                initPortClocks
 .text.initConfigurationPin
                0x000000000800025c       0x44 ./Core/Src/main.o
                0x000000000800025c                initConfigurationPin
 .text.readConfigurationPin
                0x00000000080002a0       0x2c ./Core/Src/main.o
                0x00000000080002a0                readConfigurationPin
 .text.getIndexFromGpio
                0x00000000080002cc       0x60 ./Core/Src/main.o
                0x00000000080002cc                getIndexFromGpio
 .text.getGpioFromIndex
                0x000000000800032c       0x68 ./Core/Src/main.o
                0x000000000800032c                getGpioFromIndex
 .text.initPins
                0x0000000008000394      0x1c2 ./Core/Src/main.o
                0x0000000008000394                initPins
 *fill*         0x0000000008000556        0x2 
 .text.initPinsDependsOnBoardMode
                0x0000000008000558      0x5a0 ./Core/Src/main.o
                0x0000000008000558                initPinsDependsOnBoardMode
 .text.initGpio
                0x0000000008000af8       0x1a ./Core/Src/main.o
                0x0000000008000af8                initGpio
 *fill*         0x0000000008000b12        0x2 
 .text.updateDisplayMode
                0x0000000008000b14       0x2c ./Core/Src/main.o
                0x0000000008000b14                updateDisplayMode
 .text.updateDisplay
                0x0000000008000b40      0x2b0 ./Core/Src/main.o
                0x0000000008000b40                updateDisplay
 .text.updateButton
                0x0000000008000df0       0x68 ./Core/Src/main.o
                0x0000000008000df0                updateButton
 .text.getIncrementedNumber
                0x0000000008000e58       0x28 ./Core/Src/main.o
                0x0000000008000e58                getIncrementedNumber
 .text.getDecrementedNumber
                0x0000000008000e80       0x28 ./Core/Src/main.o
                0x0000000008000e80                getDecrementedNumber
 .text.proccesButton
                0x0000000008000ea8       0xd0 ./Core/Src/main.o
                0x0000000008000ea8                proccesButton
 .text.getInvertedBit
                0x0000000008000f78       0x30 ./Core/Src/main.o
                0x0000000008000f78                getInvertedBit
 .text.writeBinaryRepresention
                0x0000000008000fa8      0x134 ./Core/Src/main.o
                0x0000000008000fa8                writeBinaryRepresention
 .text.pollAndProcessButtons
                0x00000000080010dc       0xa0 ./Core/Src/main.o
                0x00000000080010dc                pollAndProcessButtons
 .text.getNumberFromInvertedBits
                0x000000000800117c       0x96 ./Core/Src/main.o
                0x000000000800117c                getNumberFromInvertedBits
 *fill*         0x0000000008001212        0x2 
 .text.readBinaryRepresention
                0x0000000008001214       0xf4 ./Core/Src/main.o
                0x0000000008001214                readBinaryRepresention
 .text.main     0x0000000008001308       0x54 ./Core/Src/main.o
                0x0000000008001308                main
 .text.SystemClock_Config
                0x000000000800135c       0x90 ./Core/Src/main.o
                0x000000000800135c                SystemClock_Config
 .text.Error_Handler
                0x00000000080013ec        0xa ./Core/Src/main.o
                0x00000000080013ec                Error_Handler
 *fill*         0x00000000080013f6        0x2 
 .text.HAL_MspInit
                0x00000000080013f8       0x48 ./Core/Src/stm32g0xx_hal_msp.o
                0x00000000080013f8                HAL_MspInit
 .text.NMI_Handler
                0x0000000008001440        0x6 ./Core/Src/stm32g0xx_it.o
                0x0000000008001440                NMI_Handler
 .text.HardFault_Handler
                0x0000000008001446        0x6 ./Core/Src/stm32g0xx_it.o
                0x0000000008001446                HardFault_Handler
 .text.SVC_Handler
                0x000000000800144c        0xa ./Core/Src/stm32g0xx_it.o
                0x000000000800144c                SVC_Handler
 .text.PendSV_Handler
                0x0000000008001456        0xa ./Core/Src/stm32g0xx_it.o
                0x0000000008001456                PendSV_Handler
 .text.SysTick_Handler
                0x0000000008001460        0xe ./Core/Src/stm32g0xx_it.o
                0x0000000008001460                SysTick_Handler
 *fill*         0x000000000800146e        0x2 
 .text.TIM14_IRQHandler
                0x0000000008001470       0x1c ./Core/Src/stm32g0xx_it.o
                0x0000000008001470                TIM14_IRQHandler
 .text.SystemInit
                0x000000000800148c        0xa ./Core/Src/system_stm32g0xx.o
                0x000000000800148c                SystemInit
 *fill*         0x0000000008001496        0x2 
 .text.MX_TIM14_Init
                0x0000000008001498       0x4c ./Core/Src/tim.o
                0x0000000008001498                MX_TIM14_Init
 .text.HAL_TIM_Base_MspInit
                0x00000000080014e4       0x50 ./Core/Src/tim.o
                0x00000000080014e4                HAL_TIM_Base_MspInit
 .text.Reset_Handler
                0x0000000008001534       0x50 ./Core/Startup/startup_stm32g030c8tx.o
                0x0000000008001534                Reset_Handler
 .text.Default_Handler
                0x0000000008001584        0x2 ./Core/Startup/startup_stm32g030c8tx.o
                0x0000000008001584                TIM1_CC_IRQHandler
                0x0000000008001584                I2C1_IRQHandler
                0x0000000008001584                RTC_TAMP_IRQHandler
                0x0000000008001584                SPI1_IRQHandler
                0x0000000008001584                DMA1_Ch4_5_DMAMUX1_OVR_IRQHandler
                0x0000000008001584                EXTI2_3_IRQHandler
                0x0000000008001584                ADC1_IRQHandler
                0x0000000008001584                I2C2_IRQHandler
                0x0000000008001584                TIM17_IRQHandler
                0x0000000008001584                TIM16_IRQHandler
                0x0000000008001584                TIM3_IRQHandler
                0x0000000008001584                EXTI4_15_IRQHandler
                0x0000000008001584                RCC_IRQHandler
                0x0000000008001584                DMA1_Channel1_IRQHandler
                0x0000000008001584                Default_Handler
                0x0000000008001584                EXTI0_1_IRQHandler
                0x0000000008001584                SPI2_IRQHandler
                0x0000000008001584                WWDG_IRQHandler
                0x0000000008001584                DMA1_Channel2_3_IRQHandler
                0x0000000008001584                USART2_IRQHandler
                0x0000000008001584                FLASH_IRQHandler
                0x0000000008001584                USART1_IRQHandler
                0x0000000008001584                TIM1_BRK_UP_TRG_COM_IRQHandler
 *fill*         0x0000000008001586        0x2 
 .text.HAL_Init
                0x0000000008001588       0x40 ./Drivers/STM32G0xx_HAL_Driver/Src/stm32g0xx_hal.o
                0x0000000008001588                HAL_Init
 .text.HAL_InitTick
                0x00000000080015c8       0x94 ./Drivers/STM32G0xx_HAL_Driver/Src/stm32g0xx_hal.o
                0x00000000080015c8                HAL_InitTick
 .text.HAL_IncTick
                0x000000000800165c       0x24 ./Drivers/STM32G0xx_HAL_Driver/Src/stm32g0xx_hal.o
                0x000000000800165c                HAL_IncTick
 .text.HAL_GetTick
                0x0000000008001680       0x14 ./Drivers/STM32G0xx_HAL_Driver/Src/stm32g0xx_hal.o
                0x0000000008001680                HAL_GetTick
 .text.__NVIC_EnableIRQ
                0x0000000008001694       0x34 ./Drivers/STM32G0xx_HAL_Driver/Src/stm32g0xx_hal_cortex.o
 .text.__NVIC_SetPriority
                0x00000000080016c8       0xdc ./Drivers/STM32G0xx_HAL_Driver/Src/stm32g0xx_hal_cortex.o
 .text.SysTick_Config
                0x00000000080017a4       0x48 ./Drivers/STM32G0xx_HAL_Driver/Src/stm32g0xx_hal_cortex.o
 .text.HAL_NVIC_SetPriority
                0x00000000080017ec       0x2a ./Drivers/STM32G0xx_HAL_Driver/Src/stm32g0xx_hal_cortex.o
                0x00000000080017ec                HAL_NVIC_SetPriority
 .text.HAL_NVIC_EnableIRQ
                0x0000000008001816       0x20 ./Drivers/STM32G0xx_HAL_Driver/Src/stm32g0xx_hal_cortex.o
                0x0000000008001816                HAL_NVIC_EnableIRQ
 .text.HAL_SYSTICK_Config
                0x0000000008001836       0x1a ./Drivers/STM32G0xx_HAL_Driver/Src/stm32g0xx_hal_cortex.o
                0x0000000008001836                HAL_SYSTICK_Config
 .text.HAL_GPIO_Init
                0x0000000008001850      0x2c8 ./Drivers/STM32G0xx_HAL_Driver/Src/stm32g0xx_hal_gpio.o
                0x0000000008001850                HAL_GPIO_Init
 .text.HAL_GPIO_ReadPin
                0x0000000008001b18       0x3a ./Drivers/STM32G0xx_HAL_Driver/Src/stm32g0xx_hal_gpio.o
                0x0000000008001b18                HAL_GPIO_ReadPin
 .text.HAL_GPIO_WritePin
                0x0000000008001b52       0x3a ./Drivers/STM32G0xx_HAL_Driver/Src/stm32g0xx_hal_gpio.o
                0x0000000008001b52                HAL_GPIO_WritePin
 .text.HAL_PWREx_ControlVoltageScaling
                0x0000000008001b8c       0x80 ./Drivers/STM32G0xx_HAL_Driver/Src/stm32g0xx_hal_pwr_ex.o
                0x0000000008001b8c                HAL_PWREx_ControlVoltageScaling
 .text.HAL_RCC_OscConfig
                0x0000000008001c0c      0x620 ./Drivers/STM32G0xx_HAL_Driver/Src/stm32g0xx_hal_rcc.o
                0x0000000008001c0c                HAL_RCC_OscConfig
 .text.HAL_RCC_ClockConfig
                0x000000000800222c      0x210 ./Drivers/STM32G0xx_HAL_Driver/Src/stm32g0xx_hal_rcc.o
                0x000000000800222c                HAL_RCC_ClockConfig
 .text.HAL_RCC_GetSysClockFreq
                0x000000000800243c      0x104 ./Drivers/STM32G0xx_HAL_Driver/Src/stm32g0xx_hal_rcc.o
                0x000000000800243c                HAL_RCC_GetSysClockFreq
 .text.HAL_TIM_Base_Init
                0x0000000008002540       0xb0 ./Drivers/STM32G0xx_HAL_Driver/Src/stm32g0xx_hal_tim.o
                0x0000000008002540                HAL_TIM_Base_Init
 .text.HAL_TIM_Base_Start_IT
                0x00000000080025f0       0x9c ./Drivers/STM32G0xx_HAL_Driver/Src/stm32g0xx_hal_tim.o
                0x00000000080025f0                HAL_TIM_Base_Start_IT
 .text.HAL_TIM_IRQHandler
                0x000000000800268c      0x264 ./Drivers/STM32G0xx_HAL_Driver/Src/stm32g0xx_hal_tim.o
                0x000000000800268c                HAL_TIM_IRQHandler
 .text.HAL_TIM_PeriodElapsedCallback
                0x00000000080028f0       0x10 ./Drivers/STM32G0xx_HAL_Driver/Src/stm32g0xx_hal_tim.o
                0x00000000080028f0                HAL_TIM_PeriodElapsedCallback
 .text.HAL_TIM_OC_DelayElapsedCallback
                0x0000000008002900       0x10 ./Drivers/STM32G0xx_HAL_Driver/Src/stm32g0xx_hal_tim.o
                0x0000000008002900                HAL_TIM_OC_DelayElapsedCallback
 .text.HAL_TIM_IC_CaptureCallback
                0x0000000008002910       0x10 ./Drivers/STM32G0xx_HAL_Driver/Src/stm32g0xx_hal_tim.o
                0x0000000008002910                HAL_TIM_IC_CaptureCallback
 .text.HAL_TIM_PWM_PulseFinishedCallback
                0x0000000008002920       0x10 ./Drivers/STM32G0xx_HAL_Driver/Src/stm32g0xx_hal_tim.o
                0x0000000008002920                HAL_TIM_PWM_PulseFinishedCallback
 .text.HAL_TIM_TriggerCallback
                0x0000000008002930       0x10 ./Drivers/STM32G0xx_HAL_Driver/Src/stm32g0xx_hal_tim.o
                0x0000000008002930                HAL_TIM_TriggerCallback
 .text.TIM_Base_SetConfig
                0x0000000008002940       0xd8 ./Drivers/STM32G0xx_HAL_Driver/Src/stm32g0xx_hal_tim.o
                0x0000000008002940                TIM_Base_SetConfig
 .text.HAL_TIMEx_CommutCallback
                0x0000000008002a18       0x10 ./Drivers/STM32G0xx_HAL_Driver/Src/stm32g0xx_hal_tim_ex.o
                0x0000000008002a18                HAL_TIMEx_CommutCallback
 .text.HAL_TIMEx_BreakCallback
                0x0000000008002a28       0x10 ./Drivers/STM32G0xx_HAL_Driver/Src/stm32g0xx_hal_tim_ex.o
                0x0000000008002a28                HAL_TIMEx_BreakCallback
 .text.HAL_TIMEx_Break2Callback
                0x0000000008002a38       0x10 ./Drivers/STM32G0xx_HAL_Driver/Src/stm32g0xx_hal_tim_ex.o
                0x0000000008002a38                HAL_TIMEx_Break2Callback
 .text.__libc_init_array
                0x0000000008002a48       0x48 c:/st/stm32cubeide_1.10.1/stm32cubeide/plugins/com.st.stm32cube.ide.mcu.externaltools.gnu-tools-for-stm32.10.3-2021.10.win32_1.0.0.202111181127/tools/bin/../lib/gcc/arm-none-eabi/10.3.1/../../../../arm-none-eabi/lib/thumb/v6-m/nofp\libc_nano.a(lib_a-init.o)
                0x0000000008002a48                __libc_init_array
 .text.memset   0x0000000008002a90       0x10 c:/st/stm32cubeide_1.10.1/stm32cubeide/plugins/com.st.stm32cube.ide.mcu.externaltools.gnu-tools-for-stm32.10.3-2021.10.win32_1.0.0.202111181127/tools/bin/../lib/gcc/arm-none-eabi/10.3.1/../../../../arm-none-eabi/lib/thumb/v6-m/nofp\libc_nano.a(lib_a-memset.o)
                0x0000000008002a90                memset
 *(.glue_7)
 .glue_7        0x0000000008002aa0        0x0 linker stubs
 *(.glue_7t)
 .glue_7t       0x0000000008002aa0        0x0 linker stubs
 *(.eh_frame)
 .eh_frame      0x0000000008002aa0        0x0 c:/st/stm32cubeide_1.10.1/stm32cubeide/plugins/com.st.stm32cube.ide.mcu.externaltools.gnu-tools-for-stm32.10.3-2021.10.win32_1.0.0.202111181127/tools/bin/../lib/gcc/arm-none-eabi/10.3.1/thumb/v6-m/nofp/crtbegin.o
 *(.init)
 .init          0x0000000008002aa0        0x4 c:/st/stm32cubeide_1.10.1/stm32cubeide/plugins/com.st.stm32cube.ide.mcu.externaltools.gnu-tools-for-stm32.10.3-2021.10.win32_1.0.0.202111181127/tools/bin/../lib/gcc/arm-none-eabi/10.3.1/thumb/v6-m/nofp/crti.o
                0x0000000008002aa0                _init
 .init          0x0000000008002aa4        0x8 c:/st/stm32cubeide_1.10.1/stm32cubeide/plugins/com.st.stm32cube.ide.mcu.externaltools.gnu-tools-for-stm32.10.3-2021.10.win32_1.0.0.202111181127/tools/bin/../lib/gcc/arm-none-eabi/10.3.1/thumb/v6-m/nofp/crtn.o
 *(.fini)
 .fini          0x0000000008002aac        0x4 c:/st/stm32cubeide_1.10.1/stm32cubeide/plugins/com.st.stm32cube.ide.mcu.externaltools.gnu-tools-for-stm32.10.3-2021.10.win32_1.0.0.202111181127/tools/bin/../lib/gcc/arm-none-eabi/10.3.1/thumb/v6-m/nofp/crti.o
                0x0000000008002aac                _fini
 .fini          0x0000000008002ab0        0x8 c:/st/stm32cubeide_1.10.1/stm32cubeide/plugins/com.st.stm32cube.ide.mcu.externaltools.gnu-tools-for-stm32.10.3-2021.10.win32_1.0.0.202111181127/tools/bin/../lib/gcc/arm-none-eabi/10.3.1/thumb/v6-m/nofp/crtn.o
                0x0000000008002ab8                . = ALIGN (0x4)
                0x0000000008002ab8                _etext = .

.vfp11_veneer   0x0000000008002ab8        0x0
 .vfp11_veneer  0x0000000008002ab8        0x0 linker stubs

.v4_bx          0x0000000008002ab8        0x0
 .v4_bx         0x0000000008002ab8        0x0 linker stubs

.iplt           0x0000000008002ab8        0x0
 .iplt          0x0000000008002ab8        0x0 c:/st/stm32cubeide_1.10.1/stm32cubeide/plugins/com.st.stm32cube.ide.mcu.externaltools.gnu-tools-for-stm32.10.3-2021.10.win32_1.0.0.202111181127/tools/bin/../lib/gcc/arm-none-eabi/10.3.1/thumb/v6-m/nofp/crtbegin.o

.rodata         0x0000000008002ab8      0x168
                0x0000000008002ab8                . = ALIGN (0x4)
 *(.rodata)
 .rodata        0x0000000008002ab8      0x128 ./Core/Src/main.o
 *(.rodata*)
 .rodata.AHBPrescTable
                0x0000000008002be0       0x40 ./Core/Src/system_stm32g0xx.o
                0x0000000008002be0                AHBPrescTable
                0x0000000008002c20                . = ALIGN (0x4)

.rel.dyn        0x0000000008002c20        0x0
 .rel.iplt      0x0000000008002c20        0x0 c:/st/stm32cubeide_1.10.1/stm32cubeide/plugins/com.st.stm32cube.ide.mcu.externaltools.gnu-tools-for-stm32.10.3-2021.10.win32_1.0.0.202111181127/tools/bin/../lib/gcc/arm-none-eabi/10.3.1/thumb/v6-m/nofp/crtbegin.o

.ARM.extab      0x0000000008002c20        0x0
                0x0000000008002c20                . = ALIGN (0x4)
 *(.ARM.extab* .gnu.linkonce.armextab.*)
                0x0000000008002c20                . = ALIGN (0x4)

.ARM            0x0000000008002c20        0x0
                0x0000000008002c20                . = ALIGN (0x4)
                0x0000000008002c20                __exidx_start = .
 *(.ARM.exidx*)
                0x0000000008002c20                __exidx_end = .
                0x0000000008002c20                . = ALIGN (0x4)

.preinit_array  0x0000000008002c20        0x0
                0x0000000008002c20                . = ALIGN (0x4)
                0x0000000008002c20                PROVIDE (__preinit_array_start = .)
 *(.preinit_array*)
                0x0000000008002c20                PROVIDE (__preinit_array_end = .)
                0x0000000008002c20                . = ALIGN (0x4)

.init_array     0x0000000008002c20        0x4
                0x0000000008002c20                . = ALIGN (0x4)
                0x0000000008002c20                PROVIDE (__init_array_start = .)
 *(SORT_BY_NAME(.init_array.*))
 *(.init_array*)
 .init_array    0x0000000008002c20        0x4 c:/st/stm32cubeide_1.10.1/stm32cubeide/plugins/com.st.stm32cube.ide.mcu.externaltools.gnu-tools-for-stm32.10.3-2021.10.win32_1.0.0.202111181127/tools/bin/../lib/gcc/arm-none-eabi/10.3.1/thumb/v6-m/nofp/crtbegin.o
                0x0000000008002c24                PROVIDE (__init_array_end = .)
                0x0000000008002c24                . = ALIGN (0x4)

.fini_array     0x0000000008002c24        0x4
                0x0000000008002c24                . = ALIGN (0x4)
                [!provide]                        PROVIDE (__fini_array_start = .)
 *(SORT_BY_NAME(.fini_array.*))
 *(.fini_array*)
 .fini_array    0x0000000008002c24        0x4 c:/st/stm32cubeide_1.10.1/stm32cubeide/plugins/com.st.stm32cube.ide.mcu.externaltools.gnu-tools-for-stm32.10.3-2021.10.win32_1.0.0.202111181127/tools/bin/../lib/gcc/arm-none-eabi/10.3.1/thumb/v6-m/nofp/crtbegin.o
                [!provide]                        PROVIDE (__fini_array_end = .)
                0x0000000008002c28                . = ALIGN (0x4)
                0x0000000008002c28                _sidata = LOADADDR (.data)

.data           0x0000000020000000       0x88 load address 0x0000000008002c28
                0x0000000020000000                . = ALIGN (0x4)
                0x0000000020000000                _sdata = .
 *(.data)
 *(.data*)
 .data.BOARD_MODE_PIN
                0x0000000020000000        0x8 ./Core/Src/main.o
                0x0000000020000000                BOARD_MODE_PIN
 .data.activeDisplay
                0x0000000020000008        0x1 ./Core/Src/main.o
                0x0000000020000008                activeDisplay
 *fill*         0x0000000020000009        0x3 
 .data.DisplayPins
                0x000000002000000c       0x1c ./Core/Src/main.o
                0x000000002000000c                DisplayPins
 .data.NumberToDisplaySegments
                0x0000000020000028       0x10 ./Core/Src/main.o
                0x0000000020000028                NumberToDisplaySegments
 .data.buttons  0x0000000020000038       0x40 ./Core/Src/main.o
                0x0000000020000038                buttons
 .data.ButtonCount
                0x0000000020000078        0x4 ./Core/Src/main.o
                0x0000000020000078                ButtonCount
 .data.SystemCoreClock
                0x000000002000007c        0x4 ./Core/Src/system_stm32g0xx.o
                0x000000002000007c                SystemCoreClock
 .data.uwTickPrio
                0x0000000020000080        0x4 ./Drivers/STM32G0xx_HAL_Driver/Src/stm32g0xx_hal.o
                0x0000000020000080                uwTickPrio
 .data.uwTickFreq
                0x0000000020000084        0x1 ./Drivers/STM32G0xx_HAL_Driver/Src/stm32g0xx_hal.o
                0x0000000020000084                uwTickFreq
 *(.RamFunc)
 *(.RamFunc*)
                0x0000000020000088                . = ALIGN (0x4)
 *fill*         0x0000000020000085        0x3 
                0x0000000020000088                _edata = .

.igot.plt       0x0000000020000088        0x0 load address 0x0000000008002cb0
 .igot.plt      0x0000000020000088        0x0 c:/st/stm32cubeide_1.10.1/stm32cubeide/plugins/com.st.stm32cube.ide.mcu.externaltools.gnu-tools-for-stm32.10.3-2021.10.win32_1.0.0.202111181127/tools/bin/../lib/gcc/arm-none-eabi/10.3.1/thumb/v6-m/nofp/crtbegin.o
                0x0000000020000088                . = ALIGN (0x4)

.bss            0x0000000020000088      0x158 load address 0x0000000008002cb0
                0x0000000020000088                _sbss = .
                0x0000000020000088                __bss_start__ = _sbss
 *(.bss)
 .bss           0x0000000020000088       0x1c c:/st/stm32cubeide_1.10.1/stm32cubeide/plugins/com.st.stm32cube.ide.mcu.externaltools.gnu-tools-for-stm32.10.3-2021.10.win32_1.0.0.202111181127/tools/bin/../lib/gcc/arm-none-eabi/10.3.1/thumb/v6-m/nofp/crtbegin.o
 *(.bss*)
 .bss.DISPLAY_SWITCH_PIN
                0x00000000200000a4        0x8 ./Core/Src/main.o
                0x00000000200000a4                DISPLAY_SWITCH_PIN
 .bss.OUTPUT_DISPLAY_A_PIN
                0x00000000200000ac        0x8 ./Core/Src/main.o
                0x00000000200000ac                OUTPUT_DISPLAY_A_PIN
 .bss.OUTPUT_DISPLAY_B_PIN
                0x00000000200000b4        0x8 ./Core/Src/main.o
                0x00000000200000b4                OUTPUT_DISPLAY_B_PIN
 .bss.OUTPUT_DISPLAY_C_PIN
                0x00000000200000bc        0x8 ./Core/Src/main.o
                0x00000000200000bc                OUTPUT_DISPLAY_C_PIN
 .bss.OUTPUT_DISPLAY_D_PIN
                0x00000000200000c4        0x8 ./Core/Src/main.o
                0x00000000200000c4                OUTPUT_DISPLAY_D_PIN
 .bss.OUTPUT_DISPLAY_E_PIN
                0x00000000200000cc        0x8 ./Core/Src/main.o
                0x00000000200000cc                OUTPUT_DISPLAY_E_PIN
 .bss.OUTPUT_DISPLAY_F_PIN
                0x00000000200000d4        0x8 ./Core/Src/main.o
                0x00000000200000d4                OUTPUT_DISPLAY_F_PIN
 .bss.OUTPUT_DISPLAY_G_PIN
                0x00000000200000dc        0x8 ./Core/Src/main.o
                0x00000000200000dc                OUTPUT_DISPLAY_G_PIN
 .bss.MS_INCREMENT_BUTTON_PIN
                0x00000000200000e4        0x8 ./Core/Src/main.o
                0x00000000200000e4                MS_INCREMENT_BUTTON_PIN
 .bss.MS_DECREMENT_BUTTON_PIN
                0x00000000200000ec        0x8 ./Core/Src/main.o
                0x00000000200000ec                MS_DECREMENT_BUTTON_PIN
 .bss.LS_INCREMENT_BUTTON_PIN
                0x00000000200000f4        0x8 ./Core/Src/main.o
                0x00000000200000f4                LS_INCREMENT_BUTTON_PIN
 .bss.LS_DECREMENT_BUTTON_PIN
                0x00000000200000fc        0x8 ./Core/Src/main.o
                0x00000000200000fc                LS_DECREMENT_BUTTON_PIN
 .bss.MS_BINARY_1_PIN
                0x0000000020000104        0x8 ./Core/Src/main.o
                0x0000000020000104                MS_BINARY_1_PIN
 .bss.MS_BINARY_2_PIN
                0x000000002000010c        0x8 ./Core/Src/main.o
                0x000000002000010c                MS_BINARY_2_PIN
 .bss.MS_BINARY_4_PIN
                0x0000000020000114        0x8 ./Core/Src/main.o
                0x0000000020000114                MS_BINARY_4_PIN
 .bss.MS_BINARY_8_PIN
                0x000000002000011c        0x8 ./Core/Src/main.o
                0x000000002000011c                MS_BINARY_8_PIN
 .bss.LS_BINARY_1_PIN
                0x0000000020000124        0x8 ./Core/Src/main.o
                0x0000000020000124                LS_BINARY_1_PIN
 .bss.LS_BINARY_8_PIN
                0x000000002000012c        0x8 ./Core/Src/main.o
                0x000000002000012c                LS_BINARY_8_PIN
 .bss.LS_BINARY_2_PIN
                0x0000000020000134        0x8 ./Core/Src/main.o
                0x0000000020000134                LS_BINARY_2_PIN
 .bss.LS_BINARY_4_PIN
                0x000000002000013c        0x8 ./Core/Src/main.o
                0x000000002000013c                LS_BINARY_4_PIN
 .bss.DISPLAY_MODE_PIN
                0x0000000020000144        0x8 ./Core/Src/main.o
                0x0000000020000144                DISPLAY_MODE_PIN
 .bss.INPUT_DISPLAY_A_PIN
                0x000000002000014c        0x8 ./Core/Src/main.o
                0x000000002000014c                INPUT_DISPLAY_A_PIN
 .bss.INPUT_DISPLAY_B_PIN
                0x0000000020000154        0x8 ./Core/Src/main.o
                0x0000000020000154                INPUT_DISPLAY_B_PIN
 .bss.INPUT_DISPLAY_C_PIN
                0x000000002000015c        0x8 ./Core/Src/main.o
                0x000000002000015c                INPUT_DISPLAY_C_PIN
 .bss.INPUT_DISPLAY_D_PIN
                0x0000000020000164        0x8 ./Core/Src/main.o
                0x0000000020000164                INPUT_DISPLAY_D_PIN
 .bss.INPUT_DISPLAY_E_PIN
                0x000000002000016c        0x8 ./Core/Src/main.o
                0x000000002000016c                INPUT_DISPLAY_E_PIN
 .bss.INPUT_DISPLAY_F_PIN
                0x0000000020000174        0x8 ./Core/Src/main.o
                0x0000000020000174                INPUT_DISPLAY_F_PIN
 .bss.INPUT_DISPLAY_G_PIN
                0x000000002000017c        0x8 ./Core/Src/main.o
                0x000000002000017c                INPUT_DISPLAY_G_PIN
 .bss.LS_DISPLAY_DOT_PIN
                0x0000000020000184        0x8 ./Core/Src/main.o
                0x0000000020000184                LS_DISPLAY_DOT_PIN
 .bss.boardMode
                0x000000002000018c        0x1 ./Core/Src/main.o
                0x000000002000018c                boardMode
 .bss.displayMode
                0x000000002000018d        0x1 ./Core/Src/main.o
                0x000000002000018d                displayMode
 .bss.lsNumber  0x000000002000018e        0x1 ./Core/Src/main.o
                0x000000002000018e                lsNumber
 .bss.msNumber  0x000000002000018f        0x1 ./Core/Src/main.o
                0x000000002000018f                msNumber
 .bss.htim14    0x0000000020000190       0x4c ./Core/Src/tim.o
                0x0000000020000190                htim14
 .bss.uwTick    0x00000000200001dc        0x4 ./Drivers/STM32G0xx_HAL_Driver/Src/stm32g0xx_hal.o
                0x00000000200001dc                uwTick
 *(COMMON)
                0x00000000200001e0                . = ALIGN (0x4)
                0x00000000200001e0                _ebss = .
                0x00000000200001e0                __bss_end__ = _ebss

._user_heap_stack
                0x00000000200001e0      0x600 load address 0x0000000008002cb0
                0x00000000200001e0                . = ALIGN (0x8)
                [!provide]                        PROVIDE (end = .)
                0x00000000200001e0                PROVIDE (_end = .)
                0x00000000200003e0                . = (. + _Min_Heap_Size)
 *fill*         0x00000000200001e0      0x200 
                0x00000000200007e0                . = (. + _Min_Stack_Size)
 *fill*         0x00000000200003e0      0x400 
                0x00000000200007e0                . = ALIGN (0x8)

/DISCARD/
 libc.a(*)
 libm.a(*)
 libgcc.a(*)

.ARM.attributes
                0x0000000000000000       0x28
 *(.ARM.attributes)
 .ARM.attributes
                0x0000000000000000       0x1e c:/st/stm32cubeide_1.10.1/stm32cubeide/plugins/com.st.stm32cube.ide.mcu.externaltools.gnu-tools-for-stm32.10.3-2021.10.win32_1.0.0.202111181127/tools/bin/../lib/gcc/arm-none-eabi/10.3.1/thumb/v6-m/nofp/crti.o
 .ARM.attributes
                0x000000000000001e       0x2c c:/st/stm32cubeide_1.10.1/stm32cubeide/plugins/com.st.stm32cube.ide.mcu.externaltools.gnu-tools-for-stm32.10.3-2021.10.win32_1.0.0.202111181127/tools/bin/../lib/gcc/arm-none-eabi/10.3.1/thumb/v6-m/nofp/crtbegin.o
 .ARM.attributes
                0x000000000000004a       0x2c ./Core/Src/main.o
 .ARM.attributes
                0x0000000000000076       0x2c ./Core/Src/stm32g0xx_hal_msp.o
 .ARM.attributes
                0x00000000000000a2       0x2c ./Core/Src/stm32g0xx_it.o
 .ARM.attributes
                0x00000000000000ce       0x2c ./Core/Src/system_stm32g0xx.o
 .ARM.attributes
                0x00000000000000fa       0x2c ./Core/Src/tim.o
 .ARM.attributes
                0x0000000000000126       0x22 ./Core/Startup/startup_stm32g030c8tx.o
 .ARM.attributes
                0x0000000000000148       0x2c ./Drivers/STM32G0xx_HAL_Driver/Src/stm32g0xx_hal.o
 .ARM.attributes
                0x0000000000000174       0x2c ./Drivers/STM32G0xx_HAL_Driver/Src/stm32g0xx_hal_cortex.o
 .ARM.attributes
                0x00000000000001a0       0x2c ./Drivers/STM32G0xx_HAL_Driver/Src/stm32g0xx_hal_gpio.o
 .ARM.attributes
                0x00000000000001cc       0x2c ./Drivers/STM32G0xx_HAL_Driver/Src/stm32g0xx_hal_pwr_ex.o
 .ARM.attributes
                0x00000000000001f8       0x2c ./Drivers/STM32G0xx_HAL_Driver/Src/stm32g0xx_hal_rcc.o
 .ARM.attributes
                0x0000000000000224       0x2c ./Drivers/STM32G0xx_HAL_Driver/Src/stm32g0xx_hal_tim.o
 .ARM.attributes
                0x0000000000000250       0x2c ./Drivers/STM32G0xx_HAL_Driver/Src/stm32g0xx_hal_tim_ex.o
 .ARM.attributes
                0x000000000000027c       0x2c c:/st/stm32cubeide_1.10.1/stm32cubeide/plugins/com.st.stm32cube.ide.mcu.externaltools.gnu-tools-for-stm32.10.3-2021.10.win32_1.0.0.202111181127/tools/bin/../lib/gcc/arm-none-eabi/10.3.1/../../../../arm-none-eabi/lib/thumb/v6-m/nofp\libc_nano.a(lib_a-init.o)
 .ARM.attributes
                0x00000000000002a8       0x2c c:/st/stm32cubeide_1.10.1/stm32cubeide/plugins/com.st.stm32cube.ide.mcu.externaltools.gnu-tools-for-stm32.10.3-2021.10.win32_1.0.0.202111181127/tools/bin/../lib/gcc/arm-none-eabi/10.3.1/../../../../arm-none-eabi/lib/thumb/v6-m/nofp\libc_nano.a(lib_a-memset.o)
 .ARM.attributes
                0x00000000000002d4       0x1e c:/st/stm32cubeide_1.10.1/stm32cubeide/plugins/com.st.stm32cube.ide.mcu.externaltools.gnu-tools-for-stm32.10.3-2021.10.win32_1.0.0.202111181127/tools/bin/../lib/gcc/arm-none-eabi/10.3.1/thumb/v6-m/nofp\libgcc.a(_udivsi3.o)
 .ARM.attributes
                0x00000000000002f2       0x1e c:/st/stm32cubeide_1.10.1/stm32cubeide/plugins/com.st.stm32cube.ide.mcu.externaltools.gnu-tools-for-stm32.10.3-2021.10.win32_1.0.0.202111181127/tools/bin/../lib/gcc/arm-none-eabi/10.3.1/thumb/v6-m/nofp\libgcc.a(_dvmd_tls.o)
 .ARM.attributes
                0x0000000000000310       0x1e c:/st/stm32cubeide_1.10.1/stm32cubeide/plugins/com.st.stm32cube.ide.mcu.externaltools.gnu-tools-for-stm32.10.3-2021.10.win32_1.0.0.202111181127/tools/bin/../lib/gcc/arm-none-eabi/10.3.1/thumb/v6-m/nofp/crtn.o
OUTPUT(hex_bin_converter.elf elf32-littlearm)
LOAD linker stubs
LOAD c:/st/stm32cubeide_1.10.1/stm32cubeide/plugins/com.st.stm32cube.ide.mcu.externaltools.gnu-tools-for-stm32.10.3-2021.10.win32_1.0.0.202111181127/tools/bin/../lib/gcc/arm-none-eabi/10.3.1/../../../../arm-none-eabi/lib/thumb/v6-m/nofp\libc.a
LOAD c:/st/stm32cubeide_1.10.1/stm32cubeide/plugins/com.st.stm32cube.ide.mcu.externaltools.gnu-tools-for-stm32.10.3-2021.10.win32_1.0.0.202111181127/tools/bin/../lib/gcc/arm-none-eabi/10.3.1/../../../../arm-none-eabi/lib/thumb/v6-m/nofp\libm.a
LOAD c:/st/stm32cubeide_1.10.1/stm32cubeide/plugins/com.st.stm32cube.ide.mcu.externaltools.gnu-tools-for-stm32.10.3-2021.10.win32_1.0.0.202111181127/tools/bin/../lib/gcc/arm-none-eabi/10.3.1/thumb/v6-m/nofp\libgcc.a

.debug_info     0x0000000000000000     0xa07e
 .debug_info    0x0000000000000000     0x171a ./Core/Src/main.o
 .debug_info    0x000000000000171a      0x296 ./Core/Src/stm32g0xx_hal_msp.o
 .debug_info    0x00000000000019b0      0x83b ./Core/Src/stm32g0xx_it.o
 .debug_info    0x00000000000021eb      0x34d ./Core/Src/system_stm32g0xx.o
 .debug_info    0x0000000000002538      0xaf4 ./Core/Src/tim.o
 .debug_info    0x000000000000302c       0x22 ./Core/Startup/startup_stm32g030c8tx.o
 .debug_info    0x000000000000304e      0x94e ./Drivers/STM32G0xx_HAL_Driver/Src/stm32g0xx_hal.o
 .debug_info    0x000000000000399c      0x8dd ./Drivers/STM32G0xx_HAL_Driver/Src/stm32g0xx_hal_cortex.o
 .debug_info    0x0000000000004279      0x5d7 ./Drivers/STM32G0xx_HAL_Driver/Src/stm32g0xx_hal_gpio.o
 .debug_info    0x0000000000004850      0x4e8 ./Drivers/STM32G0xx_HAL_Driver/Src/stm32g0xx_hal_pwr_ex.o
 .debug_info    0x0000000000004d38      0xb18 ./Drivers/STM32G0xx_HAL_Driver/Src/stm32g0xx_hal_rcc.o
 .debug_info    0x0000000000005850     0x2e15 ./Drivers/STM32G0xx_HAL_Driver/Src/stm32g0xx_hal_tim.o
 .debug_info    0x0000000000008665     0x1a19 ./Drivers/STM32G0xx_HAL_Driver/Src/stm32g0xx_hal_tim_ex.o

.debug_abbrev   0x0000000000000000     0x194a
 .debug_abbrev  0x0000000000000000      0x2fd ./Core/Src/main.o
 .debug_abbrev  0x00000000000002fd       0xdb ./Core/Src/stm32g0xx_hal_msp.o
 .debug_abbrev  0x00000000000003d8      0x1c5 ./Core/Src/stm32g0xx_it.o
 .debug_abbrev  0x000000000000059d      0x116 ./Core/Src/system_stm32g0xx.o
 .debug_abbrev  0x00000000000006b3      0x1f8 ./Core/Src/tim.o
 .debug_abbrev  0x00000000000008ab       0x12 ./Core/Startup/startup_stm32g030c8tx.o
 .debug_abbrev  0x00000000000008bd      0x2a9 ./Drivers/STM32G0xx_HAL_Driver/Src/stm32g0xx_hal.o
 .debug_abbrev  0x0000000000000b66      0x29f ./Drivers/STM32G0xx_HAL_Driver/Src/stm32g0xx_hal_cortex.o
 .debug_abbrev  0x0000000000000e05      0x1b9 ./Drivers/STM32G0xx_HAL_Driver/Src/stm32g0xx_hal_gpio.o
 .debug_abbrev  0x0000000000000fbe      0x1d1 ./Drivers/STM32G0xx_HAL_Driver/Src/stm32g0xx_hal_pwr_ex.o
 .debug_abbrev  0x000000000000118f      0x2a3 ./Drivers/STM32G0xx_HAL_Driver/Src/stm32g0xx_hal_rcc.o
 .debug_abbrev  0x0000000000001432      0x286 ./Drivers/STM32G0xx_HAL_Driver/Src/stm32g0xx_hal_tim.o
 .debug_abbrev  0x00000000000016b8      0x292 ./Drivers/STM32G0xx_HAL_Driver/Src/stm32g0xx_hal_tim_ex.o

.debug_aranges  0x0000000000000000      0xa98
 .debug_aranges
                0x0000000000000000       0xc8 ./Core/Src/main.o
 .debug_aranges
                0x00000000000000c8       0x20 ./Core/Src/stm32g0xx_hal_msp.o
 .debug_aranges
                0x00000000000000e8       0x48 ./Core/Src/stm32g0xx_it.o
 .debug_aranges
                0x0000000000000130       0x28 ./Core/Src/system_stm32g0xx.o
 .debug_aranges
                0x0000000000000158       0x30 ./Core/Src/tim.o
 .debug_aranges
                0x0000000000000188       0x28 ./Core/Startup/startup_stm32g030c8tx.o
 .debug_aranges
                0x00000000000001b0      0x100 ./Drivers/STM32G0xx_HAL_Driver/Src/stm32g0xx_hal.o
 .debug_aranges
                0x00000000000002b0       0xd8 ./Drivers/STM32G0xx_HAL_Driver/Src/stm32g0xx_hal_cortex.o
 .debug_aranges
                0x0000000000000388       0x60 ./Drivers/STM32G0xx_HAL_Driver/Src/stm32g0xx_hal_gpio.o
 .debug_aranges
                0x00000000000003e8       0x98 ./Drivers/STM32G0xx_HAL_Driver/Src/stm32g0xx_hal_pwr_ex.o
 .debug_aranges
                0x0000000000000480       0xa0 ./Drivers/STM32G0xx_HAL_Driver/Src/stm32g0xx_hal_rcc.o
 .debug_aranges
                0x0000000000000520      0x3e0 ./Drivers/STM32G0xx_HAL_Driver/Src/stm32g0xx_hal_tim.o
 .debug_aranges
                0x0000000000000900      0x198 ./Drivers/STM32G0xx_HAL_Driver/Src/stm32g0xx_hal_tim_ex.o

.debug_ranges   0x0000000000000000      0x9d0
 .debug_ranges  0x0000000000000000       0xb8 ./Core/Src/main.o
 .debug_ranges  0x00000000000000b8       0x10 ./Core/Src/stm32g0xx_hal_msp.o
 .debug_ranges  0x00000000000000c8       0x38 ./Core/Src/stm32g0xx_it.o
 .debug_ranges  0x0000000000000100       0x18 ./Core/Src/system_stm32g0xx.o
 .debug_ranges  0x0000000000000118       0x20 ./Core/Src/tim.o
 .debug_ranges  0x0000000000000138       0x20 ./Core/Startup/startup_stm32g030c8tx.o
 .debug_ranges  0x0000000000000158       0xf0 ./Drivers/STM32G0xx_HAL_Driver/Src/stm32g0xx_hal.o
 .debug_ranges  0x0000000000000248       0xc8 ./Drivers/STM32G0xx_HAL_Driver/Src/stm32g0xx_hal_cortex.o
 .debug_ranges  0x0000000000000310       0x50 ./Drivers/STM32G0xx_HAL_Driver/Src/stm32g0xx_hal_gpio.o
 .debug_ranges  0x0000000000000360       0x88 ./Drivers/STM32G0xx_HAL_Driver/Src/stm32g0xx_hal_pwr_ex.o
 .debug_ranges  0x00000000000003e8       0x90 ./Drivers/STM32G0xx_HAL_Driver/Src/stm32g0xx_hal_rcc.o
 .debug_ranges  0x0000000000000478      0x3d0 ./Drivers/STM32G0xx_HAL_Driver/Src/stm32g0xx_hal_tim.o
 .debug_ranges  0x0000000000000848      0x188 ./Drivers/STM32G0xx_HAL_Driver/Src/stm32g0xx_hal_tim_ex.o

.debug_macro    0x0000000000000000    0x13ed1
 .debug_macro   0x0000000000000000      0x1f2 ./Core/Src/main.o
 .debug_macro   0x00000000000001f2      0xa4e ./Core/Src/main.o
 .debug_macro   0x0000000000000c40      0x117 ./Core/Src/main.o
 .debug_macro   0x0000000000000d57       0x2e ./Core/Src/main.o
 .debug_macro   0x0000000000000d85       0x28 ./Core/Src/main.o
 .debug_macro   0x0000000000000dad       0x22 ./Core/Src/main.o
 .debug_macro   0x0000000000000dcf       0x8e ./Core/Src/main.o
 .debug_macro   0x0000000000000e5d       0x51 ./Core/Src/main.o
 .debug_macro   0x0000000000000eae      0x103 ./Core/Src/main.o
 .debug_macro   0x0000000000000fb1       0x6a ./Core/Src/main.o
 .debug_macro   0x000000000000101b      0x1df ./Core/Src/main.o
 .debug_macro   0x00000000000011fa       0x1c ./Core/Src/main.o
 .debug_macro   0x0000000000001216       0x22 ./Core/Src/main.o
 .debug_macro   0x0000000000001238       0xd1 ./Core/Src/main.o
 .debug_macro   0x0000000000001309      0x4da ./Core/Src/main.o
 .debug_macro   0x00000000000017e3      0x11f ./Core/Src/main.o
 .debug_macro   0x0000000000001902     0xa0c5 ./Core/Src/main.o
 .debug_macro   0x000000000000b9c7       0x66 ./Core/Src/main.o
 .debug_macro   0x000000000000ba2d     0x34fd ./Core/Src/main.o
 .debug_macro   0x000000000000ef2a      0x174 ./Core/Src/main.o
 .debug_macro   0x000000000000f09e       0x5c ./Core/Src/main.o
 .debug_macro   0x000000000000f0fa      0x485 ./Core/Src/main.o
 .debug_macro   0x000000000000f57f      0xdcd ./Core/Src/main.o
 .debug_macro   0x000000000001034c      0x106 ./Core/Src/main.o
 .debug_macro   0x0000000000010452      0x1cf ./Core/Src/main.o
 .debug_macro   0x0000000000010621       0xff ./Core/Src/main.o
 .debug_macro   0x0000000000010720      0x33c ./Core/Src/main.o
 .debug_macro   0x0000000000010a5c      0x202 ./Core/Src/main.o
 .debug_macro   0x0000000000010c5e      0x2c7 ./Core/Src/main.o
 .debug_macro   0x0000000000010f25      0x198 ./Core/Src/main.o
 .debug_macro   0x00000000000110bd       0x43 ./Core/Src/main.o
 .debug_macro   0x0000000000011100      0x1f1 ./Core/Src/main.o
 .debug_macro   0x00000000000112f1      0x1d6 ./Core/Src/main.o
 .debug_macro   0x00000000000114c7      0x2a3 ./Core/Src/main.o
 .debug_macro   0x000000000001176a       0x28 ./Core/Src/main.o
 .debug_macro   0x0000000000011792       0xcf ./Core/Src/main.o
 .debug_macro   0x0000000000011861       0xff ./Core/Src/main.o
 .debug_macro   0x0000000000011960      0x10d ./Core/Src/main.o
 .debug_macro   0x0000000000011a6d      0xabb ./Core/Src/main.o
 .debug_macro   0x0000000000012528       0xfa ./Core/Src/main.o
 .debug_macro   0x0000000000012622      0x412 ./Core/Src/main.o
 .debug_macro   0x0000000000012a34       0x22 ./Core/Src/main.o
 .debug_macro   0x0000000000012a56      0x1da ./Core/Src/stm32g0xx_hal_msp.o
 .debug_macro   0x0000000000012c30      0x1e4 ./Core/Src/stm32g0xx_it.o
 .debug_macro   0x0000000000012e14      0x1cb ./Core/Src/system_stm32g0xx.o
 .debug_macro   0x0000000000012fdf      0x1e4 ./Core/Src/tim.o
 .debug_macro   0x00000000000131c3      0x1e9 ./Drivers/STM32G0xx_HAL_Driver/Src/stm32g0xx_hal.o
 .debug_macro   0x00000000000133ac      0x1cb ./Drivers/STM32G0xx_HAL_Driver/Src/stm32g0xx_hal_cortex.o
 .debug_macro   0x0000000000013577      0x1d2 ./Drivers/STM32G0xx_HAL_Driver/Src/stm32g0xx_hal_gpio.o
 .debug_macro   0x0000000000013749      0x1dd ./Drivers/STM32G0xx_HAL_Driver/Src/stm32g0xx_hal_pwr_ex.o
 .debug_macro   0x0000000000013926      0x207 ./Drivers/STM32G0xx_HAL_Driver/Src/stm32g0xx_hal_rcc.o
 .debug_macro   0x0000000000013b2d      0x1d3 ./Drivers/STM32G0xx_HAL_Driver/Src/stm32g0xx_hal_tim.o
 .debug_macro   0x0000000000013d00      0x1d1 ./Drivers/STM32G0xx_HAL_Driver/Src/stm32g0xx_hal_tim_ex.o

.debug_line     0x0000000000000000     0xb7d4
 .debug_line    0x0000000000000000      0xd5c ./Core/Src/main.o
 .debug_line    0x0000000000000d5c      0x6cb ./Core/Src/stm32g0xx_hal_msp.o
 .debug_line    0x0000000000001427      0x749 ./Core/Src/stm32g0xx_it.o
 .debug_line    0x0000000000001b70      0x73e ./Core/Src/system_stm32g0xx.o
 .debug_line    0x00000000000022ae      0x719 ./Core/Src/tim.o
 .debug_line    0x00000000000029c7       0x89 ./Core/Startup/startup_stm32g030c8tx.o
 .debug_line    0x0000000000002a50      0x9f9 ./Drivers/STM32G0xx_HAL_Driver/Src/stm32g0xx_hal.o
 .debug_line    0x0000000000003449      0xaf5 ./Drivers/STM32G0xx_HAL_Driver/Src/stm32g0xx_hal_cortex.o
 .debug_line    0x0000000000003f3e      0xae1 ./Drivers/STM32G0xx_HAL_Driver/Src/stm32g0xx_hal_gpio.o
 .debug_line    0x0000000000004a1f      0x911 ./Drivers/STM32G0xx_HAL_Driver/Src/stm32g0xx_hal_pwr_ex.o
 .debug_line    0x0000000000005330      0xe89 ./Drivers/STM32G0xx_HAL_Driver/Src/stm32g0xx_hal_rcc.o
 .debug_line    0x00000000000061b9     0x3a9f ./Drivers/STM32G0xx_HAL_Driver/Src/stm32g0xx_hal_tim.o
 .debug_line    0x0000000000009c58     0x1b7c ./Drivers/STM32G0xx_HAL_Driver/Src/stm32g0xx_hal_tim_ex.o

.debug_str      0x0000000000000000    0x80649
 .debug_str     0x0000000000000000    0x7dfe2 ./Core/Src/main.o
                                      0x7e5bb (size before relaxing)
 .debug_str     0x000000000007dfe2       0x2c ./Core/Src/stm32g0xx_hal_msp.o
                                      0x7d6df (size before relaxing)
 .debug_str     0x000000000007e00e       0xa6 ./Core/Src/stm32g0xx_it.o
                                      0x7dc89 (size before relaxing)
 .debug_str     0x000000000007e0b4       0x8e ./Core/Src/system_stm32g0xx.o
                                      0x7d6d2 (size before relaxing)
 .debug_str     0x000000000007e142      0x214 ./Core/Src/tim.o
                                      0x7df18 (size before relaxing)
 .debug_str     0x000000000007e356       0x36 ./Core/Startup/startup_stm32g030c8tx.o
                                         0x57 (size before relaxing)
 .debug_str     0x000000000007e38c      0x472 ./Drivers/STM32G0xx_HAL_Driver/Src/stm32g0xx_hal.o
                                      0x7dd5d (size before relaxing)
 .debug_str     0x000000000007e7fe      0x258 ./Drivers/STM32G0xx_HAL_Driver/Src/stm32g0xx_hal_cortex.o
                                      0x7daec (size before relaxing)
 .debug_str     0x000000000007ea56      0x141 ./Drivers/STM32G0xx_HAL_Driver/Src/stm32g0xx_hal_gpio.o
                                      0x7d807 (size before relaxing)
 .debug_str     0x000000000007eb97      0x221 ./Drivers/STM32G0xx_HAL_Driver/Src/stm32g0xx_hal_pwr_ex.o
                                      0x7d926 (size before relaxing)
 .debug_str     0x000000000007edb8      0x357 ./Drivers/STM32G0xx_HAL_Driver/Src/stm32g0xx_hal_rcc.o
                                      0x7dcc3 (size before relaxing)
 .debug_str     0x000000000007f10f      0xebc ./Drivers/STM32G0xx_HAL_Driver/Src/stm32g0xx_hal_tim.o
                                      0x7ec04 (size before relaxing)
 .debug_str     0x000000000007ffcb      0x67e ./Drivers/STM32G0xx_HAL_Driver/Src/stm32g0xx_hal_tim_ex.o
                                      0x7e5a2 (size before relaxing)

.comment        0x0000000000000000       0x50
 .comment       0x0000000000000000       0x50 ./Core/Src/main.o
                                         0x51 (size before relaxing)
 .comment       0x0000000000000050       0x51 ./Core/Src/stm32g0xx_hal_msp.o
 .comment       0x0000000000000050       0x51 ./Core/Src/stm32g0xx_it.o
 .comment       0x0000000000000050       0x51 ./Core/Src/system_stm32g0xx.o
 .comment       0x0000000000000050       0x51 ./Core/Src/tim.o
 .comment       0x0000000000000050       0x51 ./Drivers/STM32G0xx_HAL_Driver/Src/stm32g0xx_hal.o
 .comment       0x0000000000000050       0x51 ./Drivers/STM32G0xx_HAL_Driver/Src/stm32g0xx_hal_cortex.o
 .comment       0x0000000000000050       0x51 ./Drivers/STM32G0xx_HAL_Driver/Src/stm32g0xx_hal_gpio.o
 .comment       0x0000000000000050       0x51 ./Drivers/STM32G0xx_HAL_Driver/Src/stm32g0xx_hal_pwr_ex.o
 .comment       0x0000000000000050       0x51 ./Drivers/STM32G0xx_HAL_Driver/Src/stm32g0xx_hal_rcc.o
 .comment       0x0000000000000050       0x51 ./Drivers/STM32G0xx_HAL_Driver/Src/stm32g0xx_hal_tim.o
 .comment       0x0000000000000050       0x51 ./Drivers/STM32G0xx_HAL_Driver/Src/stm32g0xx_hal_tim_ex.o

.debug_frame    0x0000000000000000     0x25cc
 .debug_frame   0x0000000000000000      0x2cc ./Core/Src/main.o
 .debug_frame   0x00000000000002cc       0x30 ./Core/Src/stm32g0xx_hal_msp.o
 .debug_frame   0x00000000000002fc       0xb8 ./Core/Src/stm32g0xx_it.o
 .debug_frame   0x00000000000003b4       0x4c ./Core/Src/system_stm32g0xx.o
 .debug_frame   0x0000000000000400       0x6c ./Core/Src/tim.o
 .debug_frame   0x000000000000046c      0x360 ./Drivers/STM32G0xx_HAL_Driver/Src/stm32g0xx_hal.o
 .debug_frame   0x00000000000007cc      0x2fc ./Drivers/STM32G0xx_HAL_Driver/Src/stm32g0xx_hal_cortex.o
 .debug_frame   0x0000000000000ac8      0x130 ./Drivers/STM32G0xx_HAL_Driver/Src/stm32g0xx_hal_gpio.o
 .debug_frame   0x0000000000000bf8      0x1f4 ./Drivers/STM32G0xx_HAL_Driver/Src/stm32g0xx_hal_pwr_ex.o
 .debug_frame   0x0000000000000dec      0x214 ./Drivers/STM32G0xx_HAL_Driver/Src/stm32g0xx_hal_rcc.o
 .debug_frame   0x0000000000001000      0xf40 ./Drivers/STM32G0xx_HAL_Driver/Src/stm32g0xx_hal_tim.o
 .debug_frame   0x0000000000001f40      0x620 ./Drivers/STM32G0xx_HAL_Driver/Src/stm32g0xx_hal_tim_ex.o
 .debug_frame   0x0000000000002560       0x2c c:/st/stm32cubeide_1.10.1/stm32cubeide/plugins/com.st.stm32cube.ide.mcu.externaltools.gnu-tools-for-stm32.10.3-2021.10.win32_1.0.0.202111181127/tools/bin/../lib/gcc/arm-none-eabi/10.3.1/../../../../arm-none-eabi/lib/thumb/v6-m/nofp\libc_nano.a(lib_a-init.o)
 .debug_frame   0x000000000000258c       0x20 c:/st/stm32cubeide_1.10.1/stm32cubeide/plugins/com.st.stm32cube.ide.mcu.externaltools.gnu-tools-for-stm32.10.3-2021.10.win32_1.0.0.202111181127/tools/bin/../lib/gcc/arm-none-eabi/10.3.1/../../../../arm-none-eabi/lib/thumb/v6-m/nofp\libc_nano.a(lib_a-memset.o)
 .debug_frame   0x00000000000025ac       0x20 c:/st/stm32cubeide_1.10.1/stm32cubeide/plugins/com.st.stm32cube.ide.mcu.externaltools.gnu-tools-for-stm32.10.3-2021.10.win32_1.0.0.202111181127/tools/bin/../lib/gcc/arm-none-eabi/10.3.1/thumb/v6-m/nofp\libgcc.a(_udivsi3.o)
