Archive member included to satisfy reference by file (symbol)

c:/st/stm32cubeide_1.10.1/stm32cubeide/plugins/com.st.stm32cube.ide.mcu.externaltools.gnu-tools-for-stm32.10.3-2021.10.win32_1.0.0.202111181127/tools/bin/../lib/gcc/arm-none-eabi/10.3.1/../../../../arm-none-eabi/lib/thumb/v6-m/nofp\libc_nano.a(lib_a-errno.o)
                              ./Core/Src/syscalls.o (__errno)
c:/st/stm32cubeide_1.10.1/stm32cubeide/plugins/com.st.stm32cube.ide.mcu.externaltools.gnu-tools-for-stm32.10.3-2021.10.win32_1.0.0.202111181127/tools/bin/../lib/gcc/arm-none-eabi/10.3.1/../../../../arm-none-eabi/lib/thumb/v6-m/nofp\libc_nano.a(lib_a-exit.o)
                              c:/st/stm32cubeide_1.10.1/stm32cubeide/plugins/com.st.stm32cube.ide.mcu.externaltools.gnu-tools-for-stm32.10.3-2021.10.win32_1.0.0.202111181127/tools/bin/../lib/gcc/arm-none-eabi/10.3.1/../../../../arm-none-eabi/lib/thumb/v6-m/nofp/crt0.o (exit)
c:/st/stm32cubeide_1.10.1/stm32cubeide/plugins/com.st.stm32cube.ide.mcu.externaltools.gnu-tools-for-stm32.10.3-2021.10.win32_1.0.0.202111181127/tools/bin/../lib/gcc/arm-none-eabi/10.3.1/../../../../arm-none-eabi/lib/thumb/v6-m/nofp\libc_nano.a(lib_a-impure.o)
                              c:/st/stm32cubeide_1.10.1/stm32cubeide/plugins/com.st.stm32cube.ide.mcu.externaltools.gnu-tools-for-stm32.10.3-2021.10.win32_1.0.0.202111181127/tools/bin/../lib/gcc/arm-none-eabi/10.3.1/../../../../arm-none-eabi/lib/thumb/v6-m/nofp\libc_nano.a(lib_a-exit.o) (_global_impure_ptr)
c:/st/stm32cubeide_1.10.1/stm32cubeide/plugins/com.st.stm32cube.ide.mcu.externaltools.gnu-tools-for-stm32.10.3-2021.10.win32_1.0.0.202111181127/tools/bin/../lib/gcc/arm-none-eabi/10.3.1/../../../../arm-none-eabi/lib/thumb/v6-m/nofp\libc_nano.a(lib_a-init.o)
                              c:/st/stm32cubeide_1.10.1/stm32cubeide/plugins/com.st.stm32cube.ide.mcu.externaltools.gnu-tools-for-stm32.10.3-2021.10.win32_1.0.0.202111181127/tools/bin/../lib/gcc/arm-none-eabi/10.3.1/../../../../arm-none-eabi/lib/thumb/v6-m/nofp/crt0.o (__libc_init_array)
c:/st/stm32cubeide_1.10.1/stm32cubeide/plugins/com.st.stm32cube.ide.mcu.externaltools.gnu-tools-for-stm32.10.3-2021.10.win32_1.0.0.202111181127/tools/bin/../lib/gcc/arm-none-eabi/10.3.1/../../../../arm-none-eabi/lib/thumb/v6-m/nofp\libc_nano.a(lib_a-memset.o)
                              c:/st/stm32cubeide_1.10.1/stm32cubeide/plugins/com.st.stm32cube.ide.mcu.externaltools.gnu-tools-for-stm32.10.3-2021.10.win32_1.0.0.202111181127/tools/bin/../lib/gcc/arm-none-eabi/10.3.1/../../../../arm-none-eabi/lib/thumb/v6-m/nofp/crt0.o (memset)
c:/st/stm32cubeide_1.10.1/stm32cubeide/plugins/com.st.stm32cube.ide.mcu.externaltools.gnu-tools-for-stm32.10.3-2021.10.win32_1.0.0.202111181127/tools/bin/../lib/gcc/arm-none-eabi/10.3.1/thumb/v6-m/nofp\libgcc.a(_udivsi3.o)
                              ./Core/Src/system_stm32g0xx.o (__aeabi_uidiv)
c:/st/stm32cubeide_1.10.1/stm32cubeide/plugins/com.st.stm32cube.ide.mcu.externaltools.gnu-tools-for-stm32.10.3-2021.10.win32_1.0.0.202111181127/tools/bin/../lib/gcc/arm-none-eabi/10.3.1/thumb/v6-m/nofp\libgcc.a(_dvmd_tls.o)
                              c:/st/stm32cubeide_1.10.1/stm32cubeide/plugins/com.st.stm32cube.ide.mcu.externaltools.gnu-tools-for-stm32.10.3-2021.10.win32_1.0.0.202111181127/tools/bin/../lib/gcc/arm-none-eabi/10.3.1/thumb/v6-m/nofp\libgcc.a(_udivsi3.o) (__aeabi_idiv0)

Discarded input sections

 .text          0x0000000000000000        0x0 c:/st/stm32cubeide_1.10.1/stm32cubeide/plugins/com.st.stm32cube.ide.mcu.externaltools.gnu-tools-for-stm32.10.3-2021.10.win32_1.0.0.202111181127/tools/bin/../lib/gcc/arm-none-eabi/10.3.1/thumb/v6-m/nofp/crti.o
 .data          0x0000000000000000        0x0 c:/st/stm32cubeide_1.10.1/stm32cubeide/plugins/com.st.stm32cube.ide.mcu.externaltools.gnu-tools-for-stm32.10.3-2021.10.win32_1.0.0.202111181127/tools/bin/../lib/gcc/arm-none-eabi/10.3.1/thumb/v6-m/nofp/crti.o
 .bss           0x0000000000000000        0x0 c:/st/stm32cubeide_1.10.1/stm32cubeide/plugins/com.st.stm32cube.ide.mcu.externaltools.gnu-tools-for-stm32.10.3-2021.10.win32_1.0.0.202111181127/tools/bin/../lib/gcc/arm-none-eabi/10.3.1/thumb/v6-m/nofp/crti.o
 .data          0x0000000000000000        0x4 c:/st/stm32cubeide_1.10.1/stm32cubeide/plugins/com.st.stm32cube.ide.mcu.externaltools.gnu-tools-for-stm32.10.3-2021.10.win32_1.0.0.202111181127/tools/bin/../lib/gcc/arm-none-eabi/10.3.1/thumb/v6-m/nofp/crtbegin.o
 .rodata        0x0000000000000000       0x24 c:/st/stm32cubeide_1.10.1/stm32cubeide/plugins/com.st.stm32cube.ide.mcu.externaltools.gnu-tools-for-stm32.10.3-2021.10.win32_1.0.0.202111181127/tools/bin/../lib/gcc/arm-none-eabi/10.3.1/thumb/v6-m/nofp/crtbegin.o
 .text          0x0000000000000000       0x80 c:/st/stm32cubeide_1.10.1/stm32cubeide/plugins/com.st.stm32cube.ide.mcu.externaltools.gnu-tools-for-stm32.10.3-2021.10.win32_1.0.0.202111181127/tools/bin/../lib/gcc/arm-none-eabi/10.3.1/../../../../arm-none-eabi/lib/thumb/v6-m/nofp/crt0.o
[...]
Memory Configuration

Name             Origin             Length             Attributes
RAM              0x0000000020000000 0x0000000000002000 xrw
FLASH            0x0000000008000000 0x0000000000010000 xr
*default*        0x0000000000000000 0xffffffffffffffff

Linker script and memory map

LOAD c:/st/stm32cubeide_1.10.1/stm32cubeide/plugins/com.st.stm32cube.ide.mcu.externaltools.gnu-tools-for-stm32.10.3-2021.10.win32_1.0.0.202111181127/tools/bin/../lib/gcc/arm-none-eabi/10.3.1/thumb/v6-m/nofp/crti.o
LOAD c:/st/stm32cubeide_1.10.1/stm32cubeide/plugins/com.st.stm32cube.ide.mcu.externaltools.gnu-tools-for-stm32.10.3-2021.10.win32_1.0.0.202111181127/tools/bin/../lib/gcc/arm-none-eabi/10.3.1/thumb/v6-m/nofp/crtbegin.o
LOAD c:/st/stm32cubeide_1.10.1/stm32cubeide/plugins/com.st.stm32cube.ide.mcu.externaltools.gnu-tools-for-stm32.10.3-2021.10.win32_1.0.0.202111181127/tools/bin/../lib/gcc/arm-none-eabi/10.3.1/../../../../arm-none-eabi/lib/thumb/v6-m/nofp/crt0.o
LOAD ./Core/Src/gpio.o
LOAD ./Core/Src/main.o
LOAD ./Core/Src/stm32g0xx_hal_msp.o
LOAD ./Core/Src/stm32g0xx_it.o
LOAD ./Core/Src/syscalls.o
LOAD ./Core/Src/sysmem.o
LOAD ./Core/Src/system_stm32g0xx.o
LOAD ./Core/Src/tim.o
LOAD ./Core/Startup/startup_stm32g030c8tx.o
LOAD ./Drivers/STM32G0xx_HAL_Driver/Src/stm32g0xx_hal.o
LOAD ./Drivers/STM32G0xx_HAL_Driver/Src/stm32g0xx_hal_cortex.o
LOAD ./Drivers/STM32G0xx_HAL_Driver/Src/stm32g0xx_hal_dma.o
LOAD ./Drivers/STM32G0xx_HAL_Driver/Src/stm32g0xx_hal_dma_ex.o
LOAD ./Drivers/STM32G0xx_HAL_Driver/Src/stm32g0xx_hal_exti.o
LOAD ./Drivers/STM32G0xx_HAL_Driver/Src/stm32g0xx_hal_flash.o
LOAD ./Drivers/STM32G0xx_HAL_Driver/Src/stm32g0xx_hal_flash_ex.o
LOAD ./Drivers/STM32G0xx_HAL_Driver/Src/stm32g0xx_hal_gpio.o
LOAD ./Drivers/STM32G0xx_HAL_Driver/Src/stm32g0xx_hal_pwr.o
LOAD ./Drivers/STM32G0xx_HAL_Driver/Src/stm32g0xx_hal_pwr_ex.o
LOAD ./Drivers/STM32G0xx_HAL_Driver/Src/stm32g0xx_hal_rcc.o
LOAD ./Drivers/STM32G0xx_HAL_Driver/Src/stm32g0xx_hal_rcc_ex.o
LOAD ./Drivers/STM32G0xx_HAL_Driver/Src/stm32g0xx_hal_tim.o
LOAD ./Drivers/STM32G0xx_HAL_Driver/Src/stm32g0xx_hal_tim_ex.o
LOAD ./Drivers/STM32G0xx_HAL_Driver/Src/stm32g0xx_ll_dma.o
LOAD ./Drivers/STM32G0xx_HAL_Driver/Src/stm32g0xx_ll_rcc.o
START GROUP
LOAD c:/st/stm32cubeide_1.10.1/stm32cubeide/plugins/com.st.stm32cube.ide.mcu.externaltools.gnu-tools-for-stm32.10.3-2021.10.win32_1.0.0.202111181127/tools/bin/../lib/gcc/arm-none-eabi/10.3.1/../../../../arm-none-eabi/lib/thumb/v6-m/nofp\libc_nano.a
LOAD c:/st/stm32cubeide_1.10.1/stm32cubeide/plugins/com.st.stm32cube.ide.mcu.externaltools.gnu-tools-for-stm32.10.3-2021.10.win32_1.0.0.202111181127/tools/bin/../lib/gcc/arm-none-eabi/10.3.1/../../../../arm-none-eabi/lib/thumb/v6-m/nofp\libm.a
END GROUP
START GROUP
LOAD c:/st/stm32cubeide_1.10.1/stm32cubeide/plugins/com.st.stm32cube.ide.mcu.externaltools.gnu-tools-for-stm32.10.3-2021.10.win32_1.0.0.202111181127/tools/bin/../lib/gcc/arm-none-eabi/10.3.1/thumb/v6-m/nofp\libgcc.a
LOAD c:/st/stm32cubeide_1.10.1/stm32cubeide/plugins/com.st.stm32cube.ide.mcu.externaltools.gnu-tools-for-stm32.10.3-2021.10.win32_1.0.0.202111181127/tools/bin/../lib/gcc/arm-none-eabi/10.3.1/../../../../arm-none-eabi/lib/thumb/v6-m/nofp\libc_nano.a
END GROUP
START GROUP
LOAD c:/st/stm32cubeide_1.10.1/stm32cubeide/plugins/com.st.stm32cube.ide.mcu.externaltools.gnu-tools-for-stm32.10.3-2021.10.win32_1.0.0.202111181127/tools/bin/../lib/gcc/arm-none-eabi/10.3.1/thumb/v6-m/nofp\libgcc.a
LOAD c:/st/stm32cubeide_1.10.1/stm32cubeide/plugins/com.st.stm32cube.ide.mcu.externaltools.gnu-tools-for-stm32.10.3-2021.10.win32_1.0.0.202111181127/tools/bin/../lib/gcc/arm-none-eabi/10.3.1/../../../../arm-none-eabi/lib/thumb/v6-m/nofp\libc_nano.a
LOAD c:/st/stm32cubeide_1.10.1/stm32cubeide/plugins/com.st.stm32cube.ide.mcu.externaltools.gnu-tools-for-stm32.10.3-2021.10.win32_1.0.0.202111181127/tools/bin/../lib/gcc/arm-none-eabi/10.3.1/../../../../arm-none-eabi/lib/thumb/v6-m/nofp\libnosys.a
END GROUP
START GROUP
LOAD c:/st/stm32cubeide_1.10.1/stm32cubeide/plugins/com.st.stm32cube.ide.mcu.externaltools.gnu-tools-for-stm32.10.3-2021.10.win32_1.0.0.202111181127/tools/bin/../lib/gcc/arm-none-eabi/10.3.1/thumb/v6-m/nofp\libgcc.a
LOAD c:/st/stm32cubeide_1.10.1/stm32cubeide/plugins/com.st.stm32cube.ide.mcu.externaltools.gnu-tools-for-stm32.10.3-2021.10.win32_1.0.0.202111181127/tools/bin/../lib/gcc/arm-none-eabi/10.3.1/../../../../arm-none-eabi/lib/thumb/v6-m/nofp\libc_nano.a
LOAD c:/st/stm32cubeide_1.10.1/stm32cubeide/plugins/com.st.stm32cube.ide.mcu.externaltools.gnu-tools-for-stm32.10.3-2021.10.win32_1.0.0.202111181127/tools/bin/../lib/gcc/arm-none-eabi/10.3.1/../../../../arm-none-eabi/lib/thumb/v6-m/nofp\libnosys.a
END GROUP
LOAD c:/st/stm32cubeide_1.10.1/stm32cubeide/plugins/com.st.stm32cube.ide.mcu.externaltools.gnu-tools-for-stm32.10.3-2021.10.win32_1.0.0.202111181127/tools/bin/../lib/gcc/arm-none-eabi/10.3.1/thumb/v6-m/nofp/crtend.o
LOAD c:/st/stm32cubeide_1.10.1/stm32cubeide/plugins/com.st.stm32cube.ide.mcu.externaltools.gnu-tools-for-stm32.10.3-2021.10.win32_1.0.0.202111181127/tools/bin/../lib/gcc/arm-none-eabi/10.3.1/thumb/v6-m/nofp/crtn.o
                0x0000000020002000                _estack = (ORIGIN (RAM) + LENGTH (RAM))
                0x0000000000000200                _Min_Heap_Size = 0x200
                0x0000000000000400                _Min_Stack_Size = 0x400

.isr_vector     0x0000000008000000       0xb8
                0x0000000008000000                . = ALIGN (0x4)
 *(.isr_vector)
 .isr_vector    0x0000000008000000       0xb8 ./Core/Startup/startup_stm32g030c8tx.o
                0x0000000008000000                g_pfnVectors
                0x00000000080000b8                . = ALIGN (0x4)

.text           0x00000000080000b8     0x2064
                0x00000000080000b8                . = ALIGN (0x4)
 *(.text)
 .text          0x00000000080000b8       0x48 c:/st/stm32cubeide_1.10.1/stm32cubeide/plugins/com.st.stm32cube.ide.mcu.externaltools.gnu-tools-for-stm32.10.3-2021.10.win32_1.0.0.202111181127/tools/bin/../lib/gcc/arm-none-eabi/10.3.1/thumb/v6-m/nofp/crtbegin.o
 .text          0x0000000008000100      0x114 c:/st/stm32cubeide_1.10.1/stm32cubeide/plugins/com.st.stm32cube.ide.mcu.externaltools.gnu-tools-for-stm32.10.3-2021.10.win32_1.0.0.202111181127/tools/bin/../lib/gcc/arm-none-eabi/10.3.1/thumb/v6-m/nofp\libgcc.a(_udivsi3.o)
                0x0000000008000100                __aeabi_uidiv
                0x0000000008000100                __udivsi3
                0x000000000800020c                __aeabi_uidivmod
 .text          0x0000000008000214        0x4 c:/st/stm32cubeide_1.10.1/stm32cubeide/plugins/com.st.stm32cube.ide.mcu.externaltools.gnu-tools-for-stm32.10.3-2021.10.win32_1.0.0.202111181127/tools/bin/../lib/gcc/arm-none-eabi/10.3.1/thumb/v6-m/nofp\libgcc.a(_dvmd_tls.o)
                0x0000000008000214                __aeabi_idiv0
                0x0000000008000214                __aeabi_ldiv0
 *(.text*)
 .text.MX_GPIO_Init
                0x0000000008000218       0x58 ./Core/Src/gpio.o
                0x0000000008000218                MX_GPIO_Init
 .text.MX_GPIO_InitConfigurationPin
                0x0000000008000270       0x40 ./Core/Src/gpio.o
                0x0000000008000270                MX_GPIO_InitConfigurationPin
 .text.MX_GPIO_ReinitInBinToHexMode
                0x00000000080002b0       0x94 ./Core/Src/gpio.o
                0x00000000080002b0                MX_GPIO_ReinitInBinToHexMode
 .text.MX_GPIO_RenitInHexToBinMode
                0x0000000008000344       0xa8 ./Core/Src/gpio.o
                0x0000000008000344                MX_GPIO_RenitInHexToBinMode
 .text.updateDisplay
                0x00000000080003ec       0xe8 ./Core/Src/main.o
                0x00000000080003ec                updateDisplay
 .text.updateButton
                0x00000000080004d4       0x68 ./Core/Src/main.o
                0x00000000080004d4                updateButton
 .text.getIncrementedNumber
                0x000000000800053c       0x28 ./Core/Src/main.o
                0x000000000800053c                getIncrementedNumber
 .text.getDecrementedNumber
                0x0000000008000564       0x28 ./Core/Src/main.o
                0x0000000008000564                getDecrementedNumber
 .text.proccesButton
                0x000000000800058c       0x88 ./Core/Src/main.o
                0x000000000800058c                proccesButton
 .text.getInvertedBit
                0x0000000008000614       0x30 ./Core/Src/main.o
                0x0000000008000614                getInvertedBit
 .text.writeBinaryRepresention
                0x0000000008000644      0x100 ./Core/Src/main.o
                0x0000000008000644                writeBinaryRepresention
 .text.pollAndProcessButtons
                0x0000000008000744       0xac ./Core/Src/main.o
                0x0000000008000744                pollAndProcessButtons
 .text.getNumberFromInvertedBits
                0x00000000080007f0       0x96 ./Core/Src/main.o
                0x00000000080007f0                getNumberFromInvertedBits
 *fill*         0x0000000008000886        0x2 
 .text.readBinaryRepresention
                0x0000000008000888       0xcc ./Core/Src/main.o
                0x0000000008000888                readBinaryRepresention
 .text.main     0x0000000008000954       0x6c ./Core/Src/main.o
                0x0000000008000954                main
 .text.SystemClock_Config
                0x00000000080009c0       0x90 ./Core/Src/main.o
                0x00000000080009c0                SystemClock_Config
 .text.Error_Handler
                0x0000000008000a50        0xa ./Core/Src/main.o
                0x0000000008000a50                Error_Handler
 *fill*         0x0000000008000a5a        0x2 
 .text.HAL_MspInit
                0x0000000008000a5c       0x48 ./Core/Src/stm32g0xx_hal_msp.o
                0x0000000008000a5c                HAL_MspInit
 .text.NMI_Handler
                0x0000000008000aa4        0x6 ./Core/Src/stm32g0xx_it.o
                0x0000000008000aa4                NMI_Handler
 .text.HardFault_Handler
                0x0000000008000aaa        0x6 ./Core/Src/stm32g0xx_it.o
                0x0000000008000aaa                HardFault_Handler
 .text.SVC_Handler
                0x0000000008000ab0        0xa ./Core/Src/stm32g0xx_it.o
                0x0000000008000ab0                SVC_Handler
 .text.PendSV_Handler
                0x0000000008000aba        0xa ./Core/Src/stm32g0xx_it.o
                0x0000000008000aba                PendSV_Handler
 .text.SysTick_Handler
                0x0000000008000ac4        0xe ./Core/Src/stm32g0xx_it.o
                0x0000000008000ac4                SysTick_Handler
 *fill*         0x0000000008000ad2        0x2 
 .text.TIM14_IRQHandler
                0x0000000008000ad4       0x1c ./Core/Src/stm32g0xx_it.o
                0x0000000008000ad4                TIM14_IRQHandler
 .text.SystemInit
                0x0000000008000af0        0xa ./Core/Src/system_stm32g0xx.o
                0x0000000008000af0                SystemInit
 *fill*         0x0000000008000afa        0x2 
 .text.MX_TIM14_Init
                0x0000000008000afc       0x4c ./Core/Src/tim.o
                0x0000000008000afc                MX_TIM14_Init
 .text.HAL_TIM_Base_MspInit
                0x0000000008000b48       0x50 ./Core/Src/tim.o
                0x0000000008000b48                HAL_TIM_Base_MspInit
 .text.Reset_Handler
                0x0000000008000b98       0x50 ./Core/Startup/startup_stm32g030c8tx.o
                0x0000000008000b98                Reset_Handler
 .text.Default_Handler
                0x0000000008000be8        0x2 ./Core/Startup/startup_stm32g030c8tx.o
                0x0000000008000be8                TIM1_CC_IRQHandler
                0x0000000008000be8                I2C1_IRQHandler
                0x0000000008000be8                RTC_TAMP_IRQHandler
                0x0000000008000be8                SPI1_IRQHandler
                0x0000000008000be8                DMA1_Ch4_5_DMAMUX1_OVR_IRQHandler
                0x0000000008000be8                EXTI2_3_IRQHandler
                0x0000000008000be8                ADC1_IRQHandler
                0x0000000008000be8                I2C2_IRQHandler
                0x0000000008000be8                TIM17_IRQHandler
                0x0000000008000be8                TIM16_IRQHandler
                0x0000000008000be8                TIM3_IRQHandler
                0x0000000008000be8                EXTI4_15_IRQHandler
                0x0000000008000be8                RCC_IRQHandler
                0x0000000008000be8                DMA1_Channel1_IRQHandler
                0x0000000008000be8                Default_Handler
                0x0000000008000be8                EXTI0_1_IRQHandler
                0x0000000008000be8                SPI2_IRQHandler
                0x0000000008000be8                WWDG_IRQHandler
                0x0000000008000be8                DMA1_Channel2_3_IRQHandler
                0x0000000008000be8                USART2_IRQHandler
                0x0000000008000be8                FLASH_IRQHandler
                0x0000000008000be8                USART1_IRQHandler
                0x0000000008000be8                TIM1_BRK_UP_TRG_COM_IRQHandler
 *fill*         0x0000000008000bea        0x2 
 .text.HAL_Init
                0x0000000008000bec       0x40 ./Drivers/STM32G0xx_HAL_Driver/Src/stm32g0xx_hal.o
                0x0000000008000bec                HAL_Init
 .text.HAL_InitTick
                0x0000000008000c2c       0x94 ./Drivers/STM32G0xx_HAL_Driver/Src/stm32g0xx_hal.o
                0x0000000008000c2c                HAL_InitTick
 .text.HAL_IncTick
                0x0000000008000cc0       0x24 ./Drivers/STM32G0xx_HAL_Driver/Src/stm32g0xx_hal.o
                0x0000000008000cc0                HAL_IncTick
 .text.HAL_GetTick
                0x0000000008000ce4       0x14 ./Drivers/STM32G0xx_HAL_Driver/Src/stm32g0xx_hal.o
                0x0000000008000ce4                HAL_GetTick
 .text.__NVIC_EnableIRQ
                0x0000000008000cf8       0x34 ./Drivers/STM32G0xx_HAL_Driver/Src/stm32g0xx_hal_cortex.o
 .text.__NVIC_SetPriority
                0x0000000008000d2c       0xdc ./Drivers/STM32G0xx_HAL_Driver/Src/stm32g0xx_hal_cortex.o
 .text.SysTick_Config
                0x0000000008000e08       0x48 ./Drivers/STM32G0xx_HAL_Driver/Src/stm32g0xx_hal_cortex.o
 .text.HAL_NVIC_SetPriority
                0x0000000008000e50       0x2a ./Drivers/STM32G0xx_HAL_Driver/Src/stm32g0xx_hal_cortex.o
                0x0000000008000e50                HAL_NVIC_SetPriority
 .text.HAL_NVIC_EnableIRQ
                0x0000000008000e7a       0x20 ./Drivers/STM32G0xx_HAL_Driver/Src/stm32g0xx_hal_cortex.o
                0x0000000008000e7a                HAL_NVIC_EnableIRQ
 .text.HAL_SYSTICK_Config
                0x0000000008000e9a       0x1a ./Drivers/STM32G0xx_HAL_Driver/Src/stm32g0xx_hal_cortex.o
                0x0000000008000e9a                HAL_SYSTICK_Config
 .text.HAL_GPIO_Init
                0x0000000008000eb4      0x2c8 ./Drivers/STM32G0xx_HAL_Driver/Src/stm32g0xx_hal_gpio.o
                0x0000000008000eb4                HAL_GPIO_Init
 .text.HAL_GPIO_ReadPin
                0x000000000800117c       0x3a ./Drivers/STM32G0xx_HAL_Driver/Src/stm32g0xx_hal_gpio.o
                0x000000000800117c                HAL_GPIO_ReadPin
 .text.HAL_GPIO_WritePin
                0x00000000080011b6       0x3a ./Drivers/STM32G0xx_HAL_Driver/Src/stm32g0xx_hal_gpio.o
                0x00000000080011b6                HAL_GPIO_WritePin
 .text.HAL_PWREx_ControlVoltageScaling
                0x00000000080011f0       0x80 ./Drivers/STM32G0xx_HAL_Driver/Src/stm32g0xx_hal_pwr_ex.o
                0x00000000080011f0                HAL_PWREx_ControlVoltageScaling
 .text.HAL_RCC_OscConfig
                0x0000000008001270      0x620 ./Drivers/STM32G0xx_HAL_Driver/Src/stm32g0xx_hal_rcc.o
                0x0000000008001270                HAL_RCC_OscConfig
 .text.HAL_RCC_ClockConfig
                0x0000000008001890      0x210 ./Drivers/STM32G0xx_HAL_Driver/Src/stm32g0xx_hal_rcc.o
                0x0000000008001890                HAL_RCC_ClockConfig
 .text.HAL_RCC_GetSysClockFreq
                0x0000000008001aa0      0x104 ./Drivers/STM32G0xx_HAL_Driver/Src/stm32g0xx_hal_rcc.o
                0x0000000008001aa0                HAL_RCC_GetSysClockFreq
 .text.HAL_TIM_Base_Init
                0x0000000008001ba4       0xb0 ./Drivers/STM32G0xx_HAL_Driver/Src/stm32g0xx_hal_tim.o
                0x0000000008001ba4                HAL_TIM_Base_Init
 .text.HAL_TIM_Base_Start_IT
                0x0000000008001c54       0x9c ./Drivers/STM32G0xx_HAL_Driver/Src/stm32g0xx_hal_tim.o
                0x0000000008001c54                HAL_TIM_Base_Start_IT
 .text.HAL_TIM_IRQHandler
                0x0000000008001cf0      0x264 ./Drivers/STM32G0xx_HAL_Driver/Src/stm32g0xx_hal_tim.o
                0x0000000008001cf0                HAL_TIM_IRQHandler
 .text.HAL_TIM_PeriodElapsedCallback
                0x0000000008001f54       0x10 ./Drivers/STM32G0xx_HAL_Driver/Src/stm32g0xx_hal_tim.o
                0x0000000008001f54                HAL_TIM_PeriodElapsedCallback
 .text.HAL_TIM_OC_DelayElapsedCallback
                0x0000000008001f64       0x10 ./Drivers/STM32G0xx_HAL_Driver/Src/stm32g0xx_hal_tim.o
                0x0000000008001f64                HAL_TIM_OC_DelayElapsedCallback
 .text.HAL_TIM_IC_CaptureCallback
                0x0000000008001f74       0x10 ./Drivers/STM32G0xx_HAL_Driver/Src/stm32g0xx_hal_tim.o
                0x0000000008001f74                HAL_TIM_IC_CaptureCallback
 .text.HAL_TIM_PWM_PulseFinishedCallback
                0x0000000008001f84       0x10 ./Drivers/STM32G0xx_HAL_Driver/Src/stm32g0xx_hal_tim.o
                0x0000000008001f84                HAL_TIM_PWM_PulseFinishedCallback
 .text.HAL_TIM_TriggerCallback
                0x0000000008001f94       0x10 ./Drivers/STM32G0xx_HAL_Driver/Src/stm32g0xx_hal_tim.o
                0x0000000008001f94                HAL_TIM_TriggerCallback
 .text.TIM_Base_SetConfig
                0x0000000008001fa4       0xd8 ./Drivers/STM32G0xx_HAL_Driver/Src/stm32g0xx_hal_tim.o
                0x0000000008001fa4                TIM_Base_SetConfig
 .text.HAL_TIMEx_CommutCallback
                0x000000000800207c       0x10 ./Drivers/STM32G0xx_HAL_Driver/Src/stm32g0xx_hal_tim_ex.o
                0x000000000800207c                HAL_TIMEx_CommutCallback
 .text.HAL_TIMEx_BreakCallback
                0x000000000800208c       0x10 ./Drivers/STM32G0xx_HAL_Driver/Src/stm32g0xx_hal_tim_ex.o
                0x000000000800208c                HAL_TIMEx_BreakCallback
 .text.HAL_TIMEx_Break2Callback
                0x000000000800209c       0x10 ./Drivers/STM32G0xx_HAL_Driver/Src/stm32g0xx_hal_tim_ex.o
                0x000000000800209c                HAL_TIMEx_Break2Callback
 .text.__libc_init_array
                0x00000000080020ac       0x48 c:/st/stm32cubeide_1.10.1/stm32cubeide/plugins/com.st.stm32cube.ide.mcu.externaltools.gnu-tools-for-stm32.10.3-2021.10.win32_1.0.0.202111181127/tools/bin/../lib/gcc/arm-none-eabi/10.3.1/../../../../arm-none-eabi/lib/thumb/v6-m/nofp\libc_nano.a(lib_a-init.o)
                0x00000000080020ac                __libc_init_array
 .text.memset   0x00000000080020f4       0x10 c:/st/stm32cubeide_1.10.1/stm32cubeide/plugins/com.st.stm32cube.ide.mcu.externaltools.gnu-tools-for-stm32.10.3-2021.10.win32_1.0.0.202111181127/tools/bin/../lib/gcc/arm-none-eabi/10.3.1/../../../../arm-none-eabi/lib/thumb/v6-m/nofp\libc_nano.a(lib_a-memset.o)
                0x00000000080020f4                memset
 *(.glue_7)
 .glue_7        0x0000000008002104        0x0 linker stubs
 *(.glue_7t)
 .glue_7t       0x0000000008002104        0x0 linker stubs
 *(.eh_frame)
 .eh_frame      0x0000000008002104        0x0 c:/st/stm32cubeide_1.10.1/stm32cubeide/plugins/com.st.stm32cube.ide.mcu.externaltools.gnu-tools-for-stm32.10.3-2021.10.win32_1.0.0.202111181127/tools/bin/../lib/gcc/arm-none-eabi/10.3.1/thumb/v6-m/nofp/crtbegin.o
 *(.init)
 .init          0x0000000008002104        0x4 c:/st/stm32cubeide_1.10.1/stm32cubeide/plugins/com.st.stm32cube.ide.mcu.externaltools.gnu-tools-for-stm32.10.3-2021.10.win32_1.0.0.202111181127/tools/bin/../lib/gcc/arm-none-eabi/10.3.1/thumb/v6-m/nofp/crti.o
                0x0000000008002104                _init
 .init          0x0000000008002108        0x8 c:/st/stm32cubeide_1.10.1/stm32cubeide/plugins/com.st.stm32cube.ide.mcu.externaltools.gnu-tools-for-stm32.10.3-2021.10.win32_1.0.0.202111181127/tools/bin/../lib/gcc/arm-none-eabi/10.3.1/thumb/v6-m/nofp/crtn.o
 *(.fini)
 .fini          0x0000000008002110        0x4 c:/st/stm32cubeide_1.10.1/stm32cubeide/plugins/com.st.stm32cube.ide.mcu.externaltools.gnu-tools-for-stm32.10.3-2021.10.win32_1.0.0.202111181127/tools/bin/../lib/gcc/arm-none-eabi/10.3.1/thumb/v6-m/nofp/crti.o
                0x0000000008002110                _fini
 .fini          0x0000000008002114        0x8 c:/st/stm32cubeide_1.10.1/stm32cubeide/plugins/com.st.stm32cube.ide.mcu.externaltools.gnu-tools-for-stm32.10.3-2021.10.win32_1.0.0.202111181127/tools/bin/../lib/gcc/arm-none-eabi/10.3.1/thumb/v6-m/nofp/crtn.o
                0x000000000800211c                . = ALIGN (0x4)
                0x000000000800211c                _etext = .

.vfp11_veneer   0x000000000800211c        0x0
 .vfp11_veneer  0x000000000800211c        0x0 linker stubs

.v4_bx          0x000000000800211c        0x0
 .v4_bx         0x000000000800211c        0x0 linker stubs

.iplt           0x000000000800211c        0x0
 .iplt          0x000000000800211c        0x0 c:/st/stm32cubeide_1.10.1/stm32cubeide/plugins/com.st.stm32cube.ide.mcu.externaltools.gnu-tools-for-stm32.10.3-2021.10.win32_1.0.0.202111181127/tools/bin/../lib/gcc/arm-none-eabi/10.3.1/thumb/v6-m/nofp/crtbegin.o

.rodata         0x000000000800211c       0x40
                0x000000000800211c                . = ALIGN (0x4)
 *(.rodata)
 *(.rodata*)
 .rodata.AHBPrescTable
                0x000000000800211c       0x40 ./Core/Src/system_stm32g0xx.o
                0x000000000800211c                AHBPrescTable
                0x000000000800215c                . = ALIGN (0x4)

.rel.dyn        0x000000000800215c        0x0
 .rel.iplt      0x000000000800215c        0x0 c:/st/stm32cubeide_1.10.1/stm32cubeide/plugins/com.st.stm32cube.ide.mcu.externaltools.gnu-tools-for-stm32.10.3-2021.10.win32_1.0.0.202111181127/tools/bin/../lib/gcc/arm-none-eabi/10.3.1/thumb/v6-m/nofp/crtbegin.o

.ARM.extab      0x000000000800215c        0x0
                0x000000000800215c                . = ALIGN (0x4)
 *(.ARM.extab* .gnu.linkonce.armextab.*)
                0x000000000800215c                . = ALIGN (0x4)

.ARM            0x000000000800215c        0x0
                0x000000000800215c                . = ALIGN (0x4)
                0x000000000800215c                __exidx_start = .
 *(.ARM.exidx*)
                0x000000000800215c                __exidx_end = .
                0x000000000800215c                . = ALIGN (0x4)

.preinit_array  0x000000000800215c        0x0
                0x000000000800215c                . = ALIGN (0x4)
                0x000000000800215c                PROVIDE (__preinit_array_start = .)
 *(.preinit_array*)
                0x000000000800215c                PROVIDE (__preinit_array_end = .)
                0x000000000800215c                . = ALIGN (0x4)

.init_array     0x000000000800215c        0x4
                0x000000000800215c                . = ALIGN (0x4)
                0x000000000800215c                PROVIDE (__init_array_start = .)
 *(SORT_BY_NAME(.init_array.*))
 *(.init_array*)
 .init_array    0x000000000800215c        0x4 c:/st/stm32cubeide_1.10.1/stm32cubeide/plugins/com.st.stm32cube.ide.mcu.externaltools.gnu-tools-for-stm32.10.3-2021.10.win32_1.0.0.202111181127/tools/bin/../lib/gcc/arm-none-eabi/10.3.1/thumb/v6-m/nofp/crtbegin.o
                0x0000000008002160                PROVIDE (__init_array_end = .)
                0x0000000008002160                . = ALIGN (0x4)

.fini_array     0x0000000008002160        0x4
                0x0000000008002160                . = ALIGN (0x4)
                [!provide]                        PROVIDE (__fini_array_start = .)
 *(SORT_BY_NAME(.fini_array.*))
 *(.fini_array*)
 .fini_array    0x0000000008002160        0x4 c:/st/stm32cubeide_1.10.1/stm32cubeide/plugins/com.st.stm32cube.ide.mcu.externaltools.gnu-tools-for-stm32.10.3-2021.10.win32_1.0.0.202111181127/tools/bin/../lib/gcc/arm-none-eabi/10.3.1/thumb/v6-m/nofp/crtbegin.o
                [!provide]                        PROVIDE (__fini_array_end = .)
                0x0000000008002164                . = ALIGN (0x4)
                0x0000000008002164                _sidata = LOADADDR (.data)

.data           0x0000000020000000       0x5c load address 0x0000000008002164
                0x0000000020000000                . = ALIGN (0x4)
                0x0000000020000000                _sdata = .
 *(.data)
 *(.data*)
 .data.DisplayPins
                0x0000000020000000        0x7 ./Core/Src/main.o
                0x0000000020000000                DisplayPins
 *fill*         0x0000000020000007        0x1 
 .data.NumberToDisplaySegments
                0x0000000020000008       0x10 ./Core/Src/main.o
                0x0000000020000008                NumberToDisplaySegments
 .data.buttons  0x0000000020000018       0x30 ./Core/Src/main.o
                0x0000000020000018                buttons
 .data.ButtonCount
                0x0000000020000048        0x4 ./Core/Src/main.o
                0x0000000020000048                ButtonCount
 .data.activeDisplay.0
                0x000000002000004c        0x1 ./Core/Src/main.o
 *fill*         0x000000002000004d        0x3 
 .data.SystemCoreClock
                0x0000000020000050        0x4 ./Core/Src/system_stm32g0xx.o
                0x0000000020000050                SystemCoreClock
 .data.uwTickPrio
                0x0000000020000054        0x4 ./Drivers/STM32G0xx_HAL_Driver/Src/stm32g0xx_hal.o
                0x0000000020000054                uwTickPrio
 .data.uwTickFreq
                0x0000000020000058        0x1 ./Drivers/STM32G0xx_HAL_Driver/Src/stm32g0xx_hal.o
                0x0000000020000058                uwTickFreq
 *(.RamFunc)
 *(.RamFunc*)
                0x000000002000005c                . = ALIGN (0x4)
 *fill*         0x0000000020000059        0x3 
                0x000000002000005c                _edata = .

.igot.plt       0x000000002000005c        0x0 load address 0x00000000080021c0
 .igot.plt      0x000000002000005c        0x0 c:/st/stm32cubeide_1.10.1/stm32cubeide/plugins/com.st.stm32cube.ide.mcu.externaltools.gnu-tools-for-stm32.10.3-2021.10.win32_1.0.0.202111181127/tools/bin/../lib/gcc/arm-none-eabi/10.3.1/thumb/v6-m/nofp/crtbegin.o
                0x000000002000005c                . = ALIGN (0x4)

.bss            0x000000002000005c       0x70 load address 0x00000000080021c0
                0x000000002000005c                _sbss = .
                0x000000002000005c                __bss_start__ = _sbss
 *(.bss)
 .bss           0x000000002000005c       0x1c c:/st/stm32cubeide_1.10.1/stm32cubeide/plugins/com.st.stm32cube.ide.mcu.externaltools.gnu-tools-for-stm32.10.3-2021.10.win32_1.0.0.202111181127/tools/bin/../lib/gcc/arm-none-eabi/10.3.1/thumb/v6-m/nofp/crtbegin.o
 *(.bss*)
 .bss.boardMode
                0x0000000020000078        0x1 ./Core/Src/main.o
                0x0000000020000078                boardMode
 .bss.lsNumber  0x0000000020000079        0x1 ./Core/Src/main.o
                0x0000000020000079                lsNumber
 .bss.msNumber  0x000000002000007a        0x1 ./Core/Src/main.o
                0x000000002000007a                msNumber
 *fill*         0x000000002000007b        0x1 
 .bss.htim14    0x000000002000007c       0x4c ./Core/Src/tim.o
                0x000000002000007c                htim14
 .bss.uwTick    0x00000000200000c8        0x4 ./Drivers/STM32G0xx_HAL_Driver/Src/stm32g0xx_hal.o
                0x00000000200000c8                uwTick
 *(COMMON)
                0x00000000200000cc                . = ALIGN (0x4)
                0x00000000200000cc                _ebss = .
                0x00000000200000cc                __bss_end__ = _ebss

._user_heap_stack
                0x00000000200000cc      0x604 load address 0x00000000080021c0
                0x00000000200000d0                . = ALIGN (0x8)
 *fill*         0x00000000200000cc        0x4 
                [!provide]                        PROVIDE (end = .)
                0x00000000200000d0                PROVIDE (_end = .)
                0x00000000200002d0                . = (. + _Min_Heap_Size)
 *fill*         0x00000000200000d0      0x200 
                0x00000000200006d0                . = (. + _Min_Stack_Size)
 *fill*         0x00000000200002d0      0x400 
                0x00000000200006d0                . = ALIGN (0x8)

/DISCARD/
 libc.a(*)
 libm.a(*)
 libgcc.a(*)

.ARM.attributes
                0x0000000000000000       0x28
 *(.ARM.attributes)
 .ARM.attributes
                0x0000000000000000       0x1e c:/st/stm32cubeide_1.10.1/stm32cubeide/plugins/com.st.stm32cube.ide.mcu.externaltools.gnu-tools-for-stm32.10.3-2021.10.win32_1.0.0.202111181127/tools/bin/../lib/gcc/arm-none-eabi/10.3.1/thumb/v6-m/nofp/crti.o
 .ARM.attributes
                0x000000000000001e       0x2c c:/st/stm32cubeide_1.10.1/stm32cubeide/plugins/com.st.stm32cube.ide.mcu.externaltools.gnu-tools-for-stm32.10.3-2021.10.win32_1.0.0.202111181127/tools/bin/../lib/gcc/arm-none-eabi/10.3.1/thumb/v6-m/nofp/crtbegin.o
 .ARM.attributes
                0x000000000000004a       0x2c ./Core/Src/gpio.o
 .ARM.attributes
                0x0000000000000076       0x2c ./Core/Src/main.o
 .ARM.attributes
                0x00000000000000a2       0x2c ./Core/Src/stm32g0xx_hal_msp.o
 .ARM.attributes
                0x00000000000000ce       0x2c ./Core/Src/stm32g0xx_it.o
 .ARM.attributes
                0x00000000000000fa       0x2c ./Core/Src/system_stm32g0xx.o
 .ARM.attributes
                0x0000000000000126       0x2c ./Core/Src/tim.o
 .ARM.attributes
                0x0000000000000152       0x22 ./Core/Startup/startup_stm32g030c8tx.o
 .ARM.attributes
                0x0000000000000174       0x2c ./Drivers/STM32G0xx_HAL_Driver/Src/stm32g0xx_hal.o
 .ARM.attributes
                0x00000000000001a0       0x2c ./Drivers/STM32G0xx_HAL_Driver/Src/stm32g0xx_hal_cortex.o
 .ARM.attributes
                0x00000000000001cc       0x2c ./Drivers/STM32G0xx_HAL_Driver/Src/stm32g0xx_hal_gpio.o
 .ARM.attributes
                0x00000000000001f8       0x2c ./Drivers/STM32G0xx_HAL_Driver/Src/stm32g0xx_hal_pwr_ex.o
 .ARM.attributes
                0x0000000000000224       0x2c ./Drivers/STM32G0xx_HAL_Driver/Src/stm32g0xx_hal_rcc.o
 .ARM.attributes
                0x0000000000000250       0x2c ./Drivers/STM32G0xx_HAL_Driver/Src/stm32g0xx_hal_tim.o
 .ARM.attributes
                0x000000000000027c       0x2c ./Drivers/STM32G0xx_HAL_Driver/Src/stm32g0xx_hal_tim_ex.o
 .ARM.attributes
                0x00000000000002a8       0x2c c:/st/stm32cubeide_1.10.1/stm32cubeide/plugins/com.st.stm32cube.ide.mcu.externaltools.gnu-tools-for-stm32.10.3-2021.10.win32_1.0.0.202111181127/tools/bin/../lib/gcc/arm-none-eabi/10.3.1/../../../../arm-none-eabi/lib/thumb/v6-m/nofp\libc_nano.a(lib_a-init.o)
 .ARM.attributes
                0x00000000000002d4       0x2c c:/st/stm32cubeide_1.10.1/stm32cubeide/plugins/com.st.stm32cube.ide.mcu.externaltools.gnu-tools-for-stm32.10.3-2021.10.win32_1.0.0.202111181127/tools/bin/../lib/gcc/arm-none-eabi/10.3.1/../../../../arm-none-eabi/lib/thumb/v6-m/nofp\libc_nano.a(lib_a-memset.o)
 .ARM.attributes
                0x0000000000000300       0x1e c:/st/stm32cubeide_1.10.1/stm32cubeide/plugins/com.st.stm32cube.ide.mcu.externaltools.gnu-tools-for-stm32.10.3-2021.10.win32_1.0.0.202111181127/tools/bin/../lib/gcc/arm-none-eabi/10.3.1/thumb/v6-m/nofp\libgcc.a(_udivsi3.o)
 .ARM.attributes
                0x000000000000031e       0x1e c:/st/stm32cubeide_1.10.1/stm32cubeide/plugins/com.st.stm32cube.ide.mcu.externaltools.gnu-tools-for-stm32.10.3-2021.10.win32_1.0.0.202111181127/tools/bin/../lib/gcc/arm-none-eabi/10.3.1/thumb/v6-m/nofp\libgcc.a(_dvmd_tls.o)
 .ARM.attributes
                0x000000000000033c       0x1e c:/st/stm32cubeide_1.10.1/stm32cubeide/plugins/com.st.stm32cube.ide.mcu.externaltools.gnu-tools-for-stm32.10.3-2021.10.win32_1.0.0.202111181127/tools/bin/../lib/gcc/arm-none-eabi/10.3.1/thumb/v6-m/nofp/crtn.o
OUTPUT(hex_bin_converter.elf elf32-littlearm)
LOAD linker stubs
LOAD c:/st/stm32cubeide_1.10.1/stm32cubeide/plugins/com.st.stm32cube.ide.mcu.externaltools.gnu-tools-for-stm32.10.3-2021.10.win32_1.0.0.202111181127/tools/bin/../lib/gcc/arm-none-eabi/10.3.1/../../../../arm-none-eabi/lib/thumb/v6-m/nofp\libc.a
LOAD c:/st/stm32cubeide_1.10.1/stm32cubeide/plugins/com.st.stm32cube.ide.mcu.externaltools.gnu-tools-for-stm32.10.3-2021.10.win32_1.0.0.202111181127/tools/bin/../lib/gcc/arm-none-eabi/10.3.1/../../../../arm-none-eabi/lib/thumb/v6-m/nofp\libm.a
LOAD c:/st/stm32cubeide_1.10.1/stm32cubeide/plugins/com.st.stm32cube.ide.mcu.externaltools.gnu-tools-for-stm32.10.3-2021.10.win32_1.0.0.202111181127/tools/bin/../lib/gcc/arm-none-eabi/10.3.1/thumb/v6-m/nofp\libgcc.a

.debug_info     0x0000000000000000     0x9d52
 .debug_info    0x0000000000000000      0x4a7 ./Core/Src/gpio.o
 .debug_info    0x00000000000004a7      0xf47 ./Core/Src/main.o
 .debug_info    0x00000000000013ee      0x296 ./Core/Src/stm32g0xx_hal_msp.o
 .debug_info    0x0000000000001684      0x83b ./Core/Src/stm32g0xx_it.o
 .debug_info    0x0000000000001ebf      0x34d ./Core/Src/system_stm32g0xx.o
 .debug_info    0x000000000000220c      0xaf4 ./Core/Src/tim.o
 .debug_info    0x0000000000002d00       0x22 ./Core/Startup/startup_stm32g030c8tx.o
 .debug_info    0x0000000000002d22      0x94e ./Drivers/STM32G0xx_HAL_Driver/Src/stm32g0xx_hal.o
 .debug_info    0x0000000000003670      0x8dd ./Drivers/STM32G0xx_HAL_Driver/Src/stm32g0xx_hal_cortex.o
 .debug_info    0x0000000000003f4d      0x5d7 ./Drivers/STM32G0xx_HAL_Driver/Src/stm32g0xx_hal_gpio.o
 .debug_info    0x0000000000004524      0x4e8 ./Drivers/STM32G0xx_HAL_Driver/Src/stm32g0xx_hal_pwr_ex.o
 .debug_info    0x0000000000004a0c      0xb18 ./Drivers/STM32G0xx_HAL_Driver/Src/stm32g0xx_hal_rcc.o
 .debug_info    0x0000000000005524     0x2e15 ./Drivers/STM32G0xx_HAL_Driver/Src/stm32g0xx_hal_tim.o
 .debug_info    0x0000000000008339     0x1a19 ./Drivers/STM32G0xx_HAL_Driver/Src/stm32g0xx_hal_tim_ex.o

.debug_abbrev   0x0000000000000000     0x1a97
 .debug_abbrev  0x0000000000000000      0x169 ./Core/Src/gpio.o
 .debug_abbrev  0x0000000000000169      0x2e1 ./Core/Src/main.o
 .debug_abbrev  0x000000000000044a       0xdb ./Core/Src/stm32g0xx_hal_msp.o
 .debug_abbrev  0x0000000000000525      0x1c5 ./Core/Src/stm32g0xx_it.o
 .debug_abbrev  0x00000000000006ea      0x116 ./Core/Src/system_stm32g0xx.o
 .debug_abbrev  0x0000000000000800      0x1f8 ./Core/Src/tim.o
 .debug_abbrev  0x00000000000009f8       0x12 ./Core/Startup/startup_stm32g030c8tx.o
 .debug_abbrev  0x0000000000000a0a      0x2a9 ./Drivers/STM32G0xx_HAL_Driver/Src/stm32g0xx_hal.o
 .debug_abbrev  0x0000000000000cb3      0x29f ./Drivers/STM32G0xx_HAL_Driver/Src/stm32g0xx_hal_cortex.o
 .debug_abbrev  0x0000000000000f52      0x1b9 ./Drivers/STM32G0xx_HAL_Driver/Src/stm32g0xx_hal_gpio.o
 .debug_abbrev  0x000000000000110b      0x1d1 ./Drivers/STM32G0xx_HAL_Driver/Src/stm32g0xx_hal_pwr_ex.o
 .debug_abbrev  0x00000000000012dc      0x2a3 ./Drivers/STM32G0xx_HAL_Driver/Src/stm32g0xx_hal_rcc.o
 .debug_abbrev  0x000000000000157f      0x286 ./Drivers/STM32G0xx_HAL_Driver/Src/stm32g0xx_hal_tim.o
 .debug_abbrev  0x0000000000001805      0x292 ./Drivers/STM32G0xx_HAL_Driver/Src/stm32g0xx_hal_tim_ex.o

.debug_aranges  0x0000000000000000      0xa88
 .debug_aranges
                0x0000000000000000       0x38 ./Core/Src/gpio.o
 .debug_aranges
                0x0000000000000038       0x80 ./Core/Src/main.o
 .debug_aranges
                0x00000000000000b8       0x20 ./Core/Src/stm32g0xx_hal_msp.o
 .debug_aranges
                0x00000000000000d8       0x48 ./Core/Src/stm32g0xx_it.o
 .debug_aranges
                0x0000000000000120       0x28 ./Core/Src/system_stm32g0xx.o
 .debug_aranges
                0x0000000000000148       0x30 ./Core/Src/tim.o
 .debug_aranges
                0x0000000000000178       0x28 ./Core/Startup/startup_stm32g030c8tx.o
 .debug_aranges
                0x00000000000001a0      0x100 ./Drivers/STM32G0xx_HAL_Driver/Src/stm32g0xx_hal.o
 .debug_aranges
                0x00000000000002a0       0xd8 ./Drivers/STM32G0xx_HAL_Driver/Src/stm32g0xx_hal_cortex.o
 .debug_aranges
                0x0000000000000378       0x60 ./Drivers/STM32G0xx_HAL_Driver/Src/stm32g0xx_hal_gpio.o
 .debug_aranges
                0x00000000000003d8       0x98 ./Drivers/STM32G0xx_HAL_Driver/Src/stm32g0xx_hal_pwr_ex.o
 .debug_aranges
                0x0000000000000470       0xa0 ./Drivers/STM32G0xx_HAL_Driver/Src/stm32g0xx_hal_rcc.o
 .debug_aranges
                0x0000000000000510      0x3e0 ./Drivers/STM32G0xx_HAL_Driver/Src/stm32g0xx_hal_tim.o
 .debug_aranges
                0x00000000000008f0      0x198 ./Drivers/STM32G0xx_HAL_Driver/Src/stm32g0xx_hal_tim_ex.o

.debug_ranges   0x0000000000000000      0x9b0
 .debug_ranges  0x0000000000000000       0x28 ./Core/Src/gpio.o
 .debug_ranges  0x0000000000000028       0x70 ./Core/Src/main.o
 .debug_ranges  0x0000000000000098       0x10 ./Core/Src/stm32g0xx_hal_msp.o
 .debug_ranges  0x00000000000000a8       0x38 ./Core/Src/stm32g0xx_it.o
 .debug_ranges  0x00000000000000e0       0x18 ./Core/Src/system_stm32g0xx.o
 .debug_ranges  0x00000000000000f8       0x20 ./Core/Src/tim.o
 .debug_ranges  0x0000000000000118       0x20 ./Core/Startup/startup_stm32g030c8tx.o
 .debug_ranges  0x0000000000000138       0xf0 ./Drivers/STM32G0xx_HAL_Driver/Src/stm32g0xx_hal.o
 .debug_ranges  0x0000000000000228       0xc8 ./Drivers/STM32G0xx_HAL_Driver/Src/stm32g0xx_hal_cortex.o
 .debug_ranges  0x00000000000002f0       0x50 ./Drivers/STM32G0xx_HAL_Driver/Src/stm32g0xx_hal_gpio.o
 .debug_ranges  0x0000000000000340       0x88 ./Drivers/STM32G0xx_HAL_Driver/Src/stm32g0xx_hal_pwr_ex.o
 .debug_ranges  0x00000000000003c8       0x90 ./Drivers/STM32G0xx_HAL_Driver/Src/stm32g0xx_hal_rcc.o
 .debug_ranges  0x0000000000000458      0x3d0 ./Drivers/STM32G0xx_HAL_Driver/Src/stm32g0xx_hal_tim.o
 .debug_ranges  0x0000000000000828      0x188 ./Drivers/STM32G0xx_HAL_Driver/Src/stm32g0xx_hal_tim_ex.o

.debug_macro    0x0000000000000000    0x141b1
 .debug_macro   0x0000000000000000      0x1e4 ./Core/Src/gpio.o
 .debug_macro   0x00000000000001e4      0xa4e ./Core/Src/gpio.o
 .debug_macro   0x0000000000000c32      0x117 ./Core/Src/gpio.o
 .debug_macro   0x0000000000000d49       0x2e ./Core/Src/gpio.o
 .debug_macro   0x0000000000000d77       0x28 ./Core/Src/gpio.o
 .debug_macro   0x0000000000000d9f       0x22 ./Core/Src/gpio.o
 .debug_macro   0x0000000000000dc1       0x8e ./Core/Src/gpio.o
 .debug_macro   0x0000000000000e4f       0x51 ./Core/Src/gpio.o
 .debug_macro   0x0000000000000ea0      0x103 ./Core/Src/gpio.o
 .debug_macro   0x0000000000000fa3       0x6a ./Core/Src/gpio.o
 .debug_macro   0x000000000000100d      0x1df ./Core/Src/gpio.o
 .debug_macro   0x00000000000011ec       0x1c ./Core/Src/gpio.o
 .debug_macro   0x0000000000001208       0x22 ./Core/Src/gpio.o
 .debug_macro   0x000000000000122a       0xd1 ./Core/Src/gpio.o
 .debug_macro   0x00000000000012fb      0x4da ./Core/Src/gpio.o
 .debug_macro   0x00000000000017d5      0x11f ./Core/Src/gpio.o
 .debug_macro   0x00000000000018f4     0xa0c5 ./Core/Src/gpio.o
 .debug_macro   0x000000000000b9b9       0x66 ./Core/Src/gpio.o
 .debug_macro   0x000000000000ba1f     0x34fd ./Core/Src/gpio.o
 .debug_macro   0x000000000000ef1c      0x174 ./Core/Src/gpio.o
 .debug_macro   0x000000000000f090       0x5c ./Core/Src/gpio.o
 .debug_macro   0x000000000000f0ec      0x485 ./Core/Src/gpio.o
 .debug_macro   0x000000000000f571      0xdcd ./Core/Src/gpio.o
 .debug_macro   0x000000000001033e      0x106 ./Core/Src/gpio.o
 .debug_macro   0x0000000000010444      0x1cf ./Core/Src/gpio.o
 .debug_macro   0x0000000000010613       0xff ./Core/Src/gpio.o
 .debug_macro   0x0000000000010712      0x33c ./Core/Src/gpio.o
 .debug_macro   0x0000000000010a4e      0x202 ./Core/Src/gpio.o
 .debug_macro   0x0000000000010c50      0x2c7 ./Core/Src/gpio.o
 .debug_macro   0x0000000000010f17      0x198 ./Core/Src/gpio.o
 .debug_macro   0x00000000000110af       0x43 ./Core/Src/gpio.o
 .debug_macro   0x00000000000110f2      0x1f1 ./Core/Src/gpio.o
 .debug_macro   0x00000000000112e3      0x1d6 ./Core/Src/gpio.o
 .debug_macro   0x00000000000114b9      0x2a3 ./Core/Src/gpio.o
 .debug_macro   0x000000000001175c       0x28 ./Core/Src/gpio.o
 .debug_macro   0x0000000000011784       0xcf ./Core/Src/gpio.o
 .debug_macro   0x0000000000011853       0xff ./Core/Src/gpio.o
 .debug_macro   0x0000000000011952      0x10d ./Core/Src/gpio.o
 .debug_macro   0x0000000000011a5f      0xabb ./Core/Src/gpio.o
 .debug_macro   0x000000000001251a       0xfa ./Core/Src/gpio.o
 .debug_macro   0x0000000000012614      0x412 ./Core/Src/gpio.o
 .debug_macro   0x0000000000012a26      0x11e ./Core/Src/gpio.o
 .debug_macro   0x0000000000012b44      0x1f2 ./Core/Src/main.o
 .debug_macro   0x0000000000012d36      0x1da ./Core/Src/stm32g0xx_hal_msp.o
 .debug_macro   0x0000000000012f10      0x1e4 ./Core/Src/stm32g0xx_it.o
 .debug_macro   0x00000000000130f4      0x1cb ./Core/Src/system_stm32g0xx.o
 .debug_macro   0x00000000000132bf      0x1e4 ./Core/Src/tim.o
 .debug_macro   0x00000000000134a3      0x1e9 ./Drivers/STM32G0xx_HAL_Driver/Src/stm32g0xx_hal.o
 .debug_macro   0x000000000001368c      0x1cb ./Drivers/STM32G0xx_HAL_Driver/Src/stm32g0xx_hal_cortex.o
 .debug_macro   0x0000000000013857      0x1d2 ./Drivers/STM32G0xx_HAL_Driver/Src/stm32g0xx_hal_gpio.o
 .debug_macro   0x0000000000013a29      0x1dd ./Drivers/STM32G0xx_HAL_Driver/Src/stm32g0xx_hal_pwr_ex.o
 .debug_macro   0x0000000000013c06      0x207 ./Drivers/STM32G0xx_HAL_Driver/Src/stm32g0xx_hal_rcc.o
 .debug_macro   0x0000000000013e0d      0x1d3 ./Drivers/STM32G0xx_HAL_Driver/Src/stm32g0xx_hal_tim.o
 .debug_macro   0x0000000000013fe0      0x1d1 ./Drivers/STM32G0xx_HAL_Driver/Src/stm32g0xx_hal_tim_ex.o

.debug_line     0x0000000000000000     0xbc2b
 .debug_line    0x0000000000000000      0x768 ./Core/Src/gpio.o
 .debug_line    0x0000000000000768      0xa4b ./Core/Src/main.o
 .debug_line    0x00000000000011b3      0x6cb ./Core/Src/stm32g0xx_hal_msp.o
 .debug_line    0x000000000000187e      0x749 ./Core/Src/stm32g0xx_it.o
 .debug_line    0x0000000000001fc7      0x73e ./Core/Src/system_stm32g0xx.o
 .debug_line    0x0000000000002705      0x719 ./Core/Src/tim.o
 .debug_line    0x0000000000002e1e       0x89 ./Core/Startup/startup_stm32g030c8tx.o
 .debug_line    0x0000000000002ea7      0x9f9 ./Drivers/STM32G0xx_HAL_Driver/Src/stm32g0xx_hal.o
 .debug_line    0x00000000000038a0      0xaf5 ./Drivers/STM32G0xx_HAL_Driver/Src/stm32g0xx_hal_cortex.o
 .debug_line    0x0000000000004395      0xae1 ./Drivers/STM32G0xx_HAL_Driver/Src/stm32g0xx_hal_gpio.o
 .debug_line    0x0000000000004e76      0x911 ./Drivers/STM32G0xx_HAL_Driver/Src/stm32g0xx_hal_pwr_ex.o
 .debug_line    0x0000000000005787      0xe89 ./Drivers/STM32G0xx_HAL_Driver/Src/stm32g0xx_hal_rcc.o
 .debug_line    0x0000000000006610     0x3a9f ./Drivers/STM32G0xx_HAL_Driver/Src/stm32g0xx_hal_tim.o
 .debug_line    0x000000000000a0af     0x1b7c ./Drivers/STM32G0xx_HAL_Driver/Src/stm32g0xx_hal_tim_ex.o

.debug_str      0x0000000000000000    0x80809
 .debug_str     0x0000000000000000    0x7d829 ./Core/Src/gpio.o
                                      0x7dd11 (size before relaxing)
 .debug_str     0x000000000007d829      0x979 ./Core/Src/main.o
                                      0x7e61d (size before relaxing)
 .debug_str     0x000000000007e1a2       0x2c ./Core/Src/stm32g0xx_hal_msp.o
                                      0x7dbf0 (size before relaxing)
 .debug_str     0x000000000007e1ce       0xa6 ./Core/Src/stm32g0xx_it.o
                                      0x7e19a (size before relaxing)
 .debug_str     0x000000000007e274       0x8e ./Core/Src/system_stm32g0xx.o
                                      0x7d6d2 (size before relaxing)
 .debug_str     0x000000000007e302      0x214 ./Core/Src/tim.o
                                      0x7e429 (size before relaxing)
 .debug_str     0x000000000007e516       0x36 ./Core/Startup/startup_stm32g030c8tx.o
                                         0x57 (size before relaxing)
 .debug_str     0x000000000007e54c      0x472 ./Drivers/STM32G0xx_HAL_Driver/Src/stm32g0xx_hal.o
                                      0x7dd5d (size before relaxing)
 .debug_str     0x000000000007e9be      0x258 ./Drivers/STM32G0xx_HAL_Driver/Src/stm32g0xx_hal_cortex.o
                                      0x7daec (size before relaxing)
 .debug_str     0x000000000007ec16      0x141 ./Drivers/STM32G0xx_HAL_Driver/Src/stm32g0xx_hal_gpio.o
                                      0x7d807 (size before relaxing)
 .debug_str     0x000000000007ed57      0x221 ./Drivers/STM32G0xx_HAL_Driver/Src/stm32g0xx_hal_pwr_ex.o
                                      0x7d926 (size before relaxing)
 .debug_str     0x000000000007ef78      0x357 ./Drivers/STM32G0xx_HAL_Driver/Src/stm32g0xx_hal_rcc.o
                                      0x7dcc3 (size before relaxing)
 .debug_str     0x000000000007f2cf      0xebc ./Drivers/STM32G0xx_HAL_Driver/Src/stm32g0xx_hal_tim.o
                                      0x7ec04 (size before relaxing)
 .debug_str     0x000000000008018b      0x67e ./Drivers/STM32G0xx_HAL_Driver/Src/stm32g0xx_hal_tim_ex.o
                                      0x7e5a2 (size before relaxing)

.comment        0x0000000000000000       0x50
 .comment       0x0000000000000000       0x50 ./Core/Src/gpio.o
                                         0x51 (size before relaxing)
 .comment       0x0000000000000050       0x51 ./Core/Src/main.o
 .comment       0x0000000000000050       0x51 ./Core/Src/stm32g0xx_hal_msp.o
 .comment       0x0000000000000050       0x51 ./Core/Src/stm32g0xx_it.o
 .comment       0x0000000000000050       0x51 ./Core/Src/system_stm32g0xx.o
 .comment       0x0000000000000050       0x51 ./Core/Src/tim.o
 .comment       0x0000000000000050       0x51 ./Drivers/STM32G0xx_HAL_Driver/Src/stm32g0xx_hal.o
 .comment       0x0000000000000050       0x51 ./Drivers/STM32G0xx_HAL_Driver/Src/stm32g0xx_hal_cortex.o
 .comment       0x0000000000000050       0x51 ./Drivers/STM32G0xx_HAL_Driver/Src/stm32g0xx_hal_gpio.o
 .comment       0x0000000000000050       0x51 ./Drivers/STM32G0xx_HAL_Driver/Src/stm32g0xx_hal_pwr_ex.o
 .comment       0x0000000000000050       0x51 ./Drivers/STM32G0xx_HAL_Driver/Src/stm32g0xx_hal_rcc.o
 .comment       0x0000000000000050       0x51 ./Drivers/STM32G0xx_HAL_Driver/Src/stm32g0xx_hal_tim.o
 .comment       0x0000000000000050       0x51 ./Drivers/STM32G0xx_HAL_Driver/Src/stm32g0xx_hal_tim_ex.o

.debug_frame    0x0000000000000000     0x253c
 .debug_frame   0x0000000000000000       0x90 ./Core/Src/gpio.o
 .debug_frame   0x0000000000000090      0x1ac ./Core/Src/main.o
 .debug_frame   0x000000000000023c       0x30 ./Core/Src/stm32g0xx_hal_msp.o
 .debug_frame   0x000000000000026c       0xb8 ./Core/Src/stm32g0xx_it.o
 .debug_frame   0x0000000000000324       0x4c ./Core/Src/system_stm32g0xx.o
 .debug_frame   0x0000000000000370       0x6c ./Core/Src/tim.o
 .debug_frame   0x00000000000003dc      0x360 ./Drivers/STM32G0xx_HAL_Driver/Src/stm32g0xx_hal.o
 .debug_frame   0x000000000000073c      0x2fc ./Drivers/STM32G0xx_HAL_Driver/Src/stm32g0xx_hal_cortex.o
 .debug_frame   0x0000000000000a38      0x130 ./Drivers/STM32G0xx_HAL_Driver/Src/stm32g0xx_hal_gpio.o
 .debug_frame   0x0000000000000b68      0x1f4 ./Drivers/STM32G0xx_HAL_Driver/Src/stm32g0xx_hal_pwr_ex.o
 .debug_frame   0x0000000000000d5c      0x214 ./Drivers/STM32G0xx_HAL_Driver/Src/stm32g0xx_hal_rcc.o
 .debug_frame   0x0000000000000f70      0xf40 ./Drivers/STM32G0xx_HAL_Driver/Src/stm32g0xx_hal_tim.o
 .debug_frame   0x0000000000001eb0      0x620 ./Drivers/STM32G0xx_HAL_Driver/Src/stm32g0xx_hal_tim_ex.o
 .debug_frame   0x00000000000024d0       0x2c c:/st/stm32cubeide_1.10.1/stm32cubeide/plugins/com.st.stm32cube.ide.mcu.externaltools.gnu-tools-for-stm32.10.3-2021.10.win32_1.0.0.202111181127/tools/bin/../lib/gcc/arm-none-eabi/10.3.1/../../../../arm-none-eabi/lib/thumb/v6-m/nofp\libc_nano.a(lib_a-init.o)
 .debug_frame   0x00000000000024fc       0x20 c:/st/stm32cubeide_1.10.1/stm32cubeide/plugins/com.st.stm32cube.ide.mcu.externaltools.gnu-tools-for-stm32.10.3-2021.10.win32_1.0.0.202111181127/tools/bin/../lib/gcc/arm-none-eabi/10.3.1/../../../../arm-none-eabi/lib/thumb/v6-m/nofp\libc_nano.a(lib_a-memset.o)
 .debug_frame   0x000000000000251c       0x20 c:/st/stm32cubeide_1.10.1/stm32cubeide/plugins/com.st.stm32cube.ide.mcu.externaltools.gnu-tools-for-stm32.10.3-2021.10.win32_1.0.0.202111181127/tools/bin/../lib/gcc/arm-none-eabi/10.3.1/thumb/v6-m/nofp\libgcc.a(_udivsi3.o)
