../Core/Src/main.c:130:6:updateDisplayMode	8	static
../Core/Src/main.c:134:6:updateDisplay	24	static
../Core/Src/main.c:166:6:updateButton	8	static
../Core/Src/main.c:177:9:getIncrementedNumber	0	static
../Core/Src/main.c:181:9:getDecrementedNumber	0	static
../Core/Src/main.c:185:6:proccesButton	4	static
../Core/Src/main.c:202:9:getInvertedBit	0	static
../Core/Src/main.c:206:6:writeBinaryRepresention	24	static
../Core/Src/main.c:218:6:pollAndProcessButtons	24	static
../Core/Src/main.c:238:9:getNumberFromInvertedBits	0	static
../Core/Src/main.c:249:6:readBinaryRepresention	24	static
../Core/Src/main.c:330:6:SystemClock_Config	80	static,ignoring_inline_asm
../Core/Src/main.c:269:5:main	8	static
../Core/Src/main.c:374:6:Error_Handler	0	static,ignoring_inline_asm
