../Core/Src/main.c:129:6:updateDisplayMode	8	static
../Core/Src/main.c:133:6:updateDisplay	24	static
../Core/Src/main.c:153:6:updateButton	8	static
../Core/Src/main.c:164:9:getIncrementedNumber	0	static
../Core/Src/main.c:168:9:getDecrementedNumber	0	static
../Core/Src/main.c:172:6:proccesButton	4	static
../Core/Src/main.c:189:9:getInvertedBit	0	static
../Core/Src/main.c:193:6:writeBinaryRepresention	24	static
../Core/Src/main.c:205:6:pollAndProcessButtons	24	static
../Core/Src/main.c:225:9:getNumberFromInvertedBits	0	static
../Core/Src/main.c:236:6:readBinaryRepresention	24	static
../Core/Src/main.c:321:6:SystemClock_Config	80	static,ignoring_inline_asm
../Core/Src/main.c:256:5:main	8	static
../Core/Src/main.c:365:6:Error_Handler	0	static,ignoring_inline_asm
