../Core/Src/main.c:122:6:updateDisplay	24	static
../Core/Src/main.c:138:6:updateButton	8	static
../Core/Src/main.c:149:9:getIncrementedNumber	0	static
../Core/Src/main.c:153:9:getDecrementedNumber	0	static
../Core/Src/main.c:157:6:proccesButton	4	static
../Core/Src/main.c:174:9:getInvertedBit	0	static
../Core/Src/main.c:178:6:writeBinaryRepresention	24	static
../Core/Src/main.c:190:6:pollAndProcessButtons	24	static
../Core/Src/main.c:210:9:getNumberFromInvertedBits	0	static
../Core/Src/main.c:221:6:readBinaryRepresention	24	static
../Core/Src/main.c:300:6:SystemClock_Config	80	static,ignoring_inline_asm
../Core/Src/main.c:241:5:main	8	static
../Core/Src/main.c:344:6:Error_Handler	0	static,ignoring_inline_asm
