../Core/Src/main.c:122:6:updateDisplay	24	static
../Core/Src/main.c:138:6:updateButton	16	static
../Core/Src/main.c:152:9:getIncrementedNumber	0	static
../Core/Src/main.c:156:9:getDecrementedNumber	0	static
../Core/Src/main.c:160:6:proccesButton	4	static
../Core/Src/main.c:177:9:getInvertedBit	0	static
../Core/Src/main.c:181:6:writeBinaryRepresention	24	static
../Core/Src/main.c:193:6:pollAndProcessButtons	24	static
../Core/Src/main.c:213:9:getNumberFromInvertedBits	0	static
../Core/Src/main.c:224:6:readBinaryRepresention	24	static
../Core/Src/main.c:303:6:SystemClock_Config	80	static,ignoring_inline_asm
../Core/Src/main.c:244:5:main	8	static
../Core/Src/main.c:347:6:Error_Handler	0	static,ignoring_inline_asm
