../Core/Inc/pin_configurator.h:64:6:initPortClocks	8	static
../Core/Inc/pin_configurator.h:69:6:initConfigurationPin	32	static
../Core/Inc/pin_configurator.h:77:6:readConfigurationPin	8	static
../Core/Inc/pin_configurator.h:81:11:getIndexFromGpio	0	static
../Core/Inc/pin_configurator.h:96:15:getGpioFromIndex	0	static
../Core/Inc/pin_configurator.h:111:6:initPins	104	static
../Core/Inc/pin_configurator.h:150:6:initPinsDependsOnBoardMode	224	static
../Core/Inc/pin_configurator.h:253:6:initGpio	8	static
../Core/Src/main.c:124:6:updateDisplayMode	8	static
../Core/Src/main.c:128:6:updateDisplay	32	static
../Core/Src/main.c:169:6:updateButton	8	static
../Core/Src/main.c:180:9:getIncrementedNumber	0	static
../Core/Src/main.c:184:9:getDecrementedNumber	0	static
../Core/Src/main.c:188:6:proccesButton	0	static
../Core/Src/main.c:202:9:getInvertedBit	0	static
../Core/Src/main.c:206:6:writeBinaryRepresention	16	static
../Core/Src/main.c:218:6:pollAndProcessButtons	24	static
../Core/Src/main.c:238:9:getNumberFromInvertedBits	0	static
../Core/Src/main.c:249:6:readBinaryRepresention	16	static
../Core/Src/main.c:324:6:SystemClock_Config	80	static,ignoring_inline_asm
../Core/Src/main.c:269:5:main	8	static
../Core/Src/main.c:368:6:Error_Handler	0	static,ignoring_inline_asm
