../Core/Src/main.c:136:6:updateDisplayMode	8	static
../Core/Src/main.c:140:6:updateDisplay	24	static
../Core/Src/main.c:172:6:updateButton	8	static
../Core/Src/main.c:183:9:getIncrementedNumber	0	static
../Core/Src/main.c:187:9:getDecrementedNumber	0	static
../Core/Src/main.c:191:6:proccesButton	4	static
../Core/Src/main.c:208:9:getInvertedBit	0	static
../Core/Src/main.c:212:6:writeBinaryRepresention	24	static
../Core/Src/main.c:224:6:pollAndProcessButtons	24	static
../Core/Src/main.c:244:9:getNumberFromInvertedBits	0	static
../Core/Src/main.c:255:6:readBinaryRepresention	24	static
../Core/Src/main.c:336:6:SystemClock_Config	80	static,ignoring_inline_asm
../Core/Src/main.c:275:5:main	8	static
../Core/Src/main.c:380:6:Error_Handler	0	static,ignoring_inline_asm
