../Core/Src/main.c:129:6:updateDisplayModeAndSetDotState	16	static
../Core/Src/main.c:140:6:updateDisplay	24	static
../Core/Src/main.c:161:6:updateButton	8	static
../Core/Src/main.c:172:9:getIncrementedNumber	0	static
../Core/Src/main.c:176:9:getDecrementedNumber	0	static
../Core/Src/main.c:180:6:proccesButton	4	static
../Core/Src/main.c:197:9:getInvertedBit	0	static
../Core/Src/main.c:201:6:writeBinaryRepresention	24	static
../Core/Src/main.c:213:6:pollAndProcessButtons	24	static
../Core/Src/main.c:233:9:getNumberFromInvertedBits	0	static
../Core/Src/main.c:244:6:readBinaryRepresention	24	static
../Core/Src/main.c:326:6:SystemClock_Config	80	static,ignoring_inline_asm
../Core/Src/main.c:264:5:main	8	static
../Core/Src/main.c:370:6:Error_Handler	0	static,ignoring_inline_asm
