../Core/Inc/pin_configurator.h:64:6:initPortClocks	8	static
../Core/Inc/pin_configurator.h:69:6:initConfigurationPin	32	static
../Core/Inc/pin_configurator.h:77:6:readConfigurationPin	8	static
../Core/Inc/pin_configurator.h:81:11:getIndexFromGpio	0	static
../Core/Inc/pin_configurator.h:96:15:getGpioFromIndex	0	static
../Core/Inc/pin_configurator.h:111:6:initPins	104	static
../Core/Inc/pin_configurator.h:150:6:initPinsDependsOnBoardMode	224	static
../Core/Inc/pin_configurator.h:253:6:initGpio	8	static
../Core/Src/main.c:124:6:updateDisplayMode	8	static
../Core/Src/main.c:128:6:updateDisplay	32	static
../Core/Src/main.c:164:6:updateButton	8	static
../Core/Src/main.c:175:9:getIncrementedNumber	0	static
../Core/Src/main.c:179:9:getDecrementedNumber	0	static
../Core/Src/main.c:183:6:proccesButton	0	static
../Core/Src/main.c:197:9:getInvertedBit	0	static
../Core/Src/main.c:201:6:writeBinaryRepresention	16	static
../Core/Src/main.c:213:6:pollAndProcessButtons	24	static
../Core/Src/main.c:233:9:getNumberFromInvertedBits	0	static
../Core/Src/main.c:244:6:readBinaryRepresention	16	static
../Core/Src/main.c:320:6:SystemClock_Config	80	static,ignoring_inline_asm
../Core/Src/main.c:264:5:main	8	static
../Core/Src/main.c:364:6:Error_Handler	0	static,ignoring_inline_asm
