../Core/Src/main.c:122:6:updateDisplay	16	static
../Core/Src/main.c:138:6:updateButton	32	static
../Core/Src/main.c:152:9:getIncrementedNumber	16	static
../Core/Src/main.c:156:9:getDecrementedNumber	16	static
../Core/Src/main.c:160:6:proccesButton	16	static
../Core/Src/main.c:177:9:getInvertedBit	16	static
../Core/Src/main.c:181:6:writeBinaryRepresention	8	static
../Core/Src/main.c:193:6:pollAndProcessButtons	16	static
../Core/Src/main.c:213:9:getNumberFromInvertedBits	32	static
../Core/Src/main.c:224:6:readBinaryRepresention	24	static
../Core/Src/main.c:244:5:main	8	static
../Core/Src/main.c:303:6:SystemClock_Config	88	static
../Core/Src/main.c:347:6:Error_Handler	8	static,ignoring_inline_asm
