../Core/Src/main.c:129:6:updateDisplayMode	8	static
../Core/Src/main.c:133:6:updateDisplay	16	static
../Core/Src/main.c:152:6:updateButton	16	static
../Core/Src/main.c:163:9:getIncrementedNumber	16	static
../Core/Src/main.c:167:9:getDecrementedNumber	16	static
../Core/Src/main.c:171:6:proccesButton	16	static
../Core/Src/main.c:188:9:getInvertedBit	16	static
../Core/Src/main.c:192:6:writeBinaryRepresention	8	static
../Core/Src/main.c:204:6:pollAndProcessButtons	16	static
../Core/Src/main.c:224:9:getNumberFromInvertedBits	32	static
../Core/Src/main.c:235:6:readBinaryRepresention	24	static
../Core/Src/main.c:255:5:main	8	static
../Core/Src/main.c:319:6:SystemClock_Config	88	static
../Core/Src/main.c:363:6:Error_Handler	8	static,ignoring_inline_asm
