../Core/Src/main.c:122:6:updateDisplay	16	static
../Core/Src/main.c:138:6:updateButton	16	static
../Core/Src/main.c:149:9:getIncrementedNumber	16	static
../Core/Src/main.c:153:9:getDecrementedNumber	16	static
../Core/Src/main.c:157:6:proccesButton	16	static
../Core/Src/main.c:174:9:getInvertedBit	16	static
../Core/Src/main.c:178:6:writeBinaryRepresention	8	static
../Core/Src/main.c:190:6:pollAndProcessButtons	16	static
../Core/Src/main.c:210:9:getNumberFromInvertedBits	32	static
../Core/Src/main.c:221:6:readBinaryRepresention	24	static
../Core/Src/main.c:241:5:main	8	static
../Core/Src/main.c:300:6:SystemClock_Config	88	static
../Core/Src/main.c:344:6:Error_Handler	8	static,ignoring_inline_asm
