../Core/Inc/pin_configurator.h:64:6:initPortClocks	16	static
../Core/Inc/pin_configurator.h:69:6:initConfigurationPin	32	static
../Core/Inc/pin_configurator.h:77:6:readConfigurationPin	8	static
../Core/Inc/pin_configurator.h:81:11:getIndexFromGpio	16	static
../Core/Inc/pin_configurator.h:96:15:getGpioFromIndex	16	static
../Core/Inc/pin_configurator.h:111:6:initPins	136	static
../Core/Inc/pin_configurator.h:150:6:initPinsDependsOnBoardMode	520	static
../Core/Inc/pin_configurator.h:253:6:initGpio	8	static
../Core/Src/main.c:124:6:updateDisplayMode	8	static
../Core/Src/main.c:128:6:updateDisplay	32	static
../Core/Src/main.c:164:6:updateButton	16	static
../Core/Src/main.c:175:9:getIncrementedNumber	16	static
../Core/Src/main.c:179:9:getDecrementedNumber	16	static
../Core/Src/main.c:183:6:proccesButton	16	static
../Core/Src/main.c:197:9:getInvertedBit	16	static
../Core/Src/main.c:201:6:writeBinaryRepresention	16	static
../Core/Src/main.c:213:6:pollAndProcessButtons	16	static
../Core/Src/main.c:233:9:getNumberFromInvertedBits	32	static
../Core/Src/main.c:244:6:readBinaryRepresention	24	static
../Core/Src/main.c:264:5:main	8	static
../Core/Src/main.c:320:6:SystemClock_Config	88	static
../Core/Src/main.c:364:6:Error_Handler	8	static,ignoring_inline_asm
