../Core/Src/main.c:122:6:initConfigurationPin	32	static
../Core/Src/main.c:131:6:initBinToHexMode	32	static
../Core/Src/main.c:196:6:initHexToBinMode	8	static
../Core/Src/main.c:305:6:initPinParams	240	static
../Core/Src/main.c:342:6:updateDisplayMode	8	static
../Core/Src/main.c:346:6:updateDisplay	32	static
../Core/Src/main.c:382:6:updateButton	16	static
../Core/Src/main.c:393:9:getIncrementedNumber	16	static
../Core/Src/main.c:397:9:getDecrementedNumber	16	static
../Core/Src/main.c:401:6:proccesButton	16	static
../Core/Src/main.c:415:9:getInvertedBit	16	static
../Core/Src/main.c:419:6:writeBinaryRepresention	16	static
../Core/Src/main.c:431:6:pollAndProcessButtons	16	static
../Core/Src/main.c:451:9:getNumberFromInvertedBits	32	static
../Core/Src/main.c:462:6:readBinaryRepresention	24	static
../Core/Src/main.c:482:5:main	16	static
../Core/Src/main.c:547:6:SystemClock_Config	88	static
../Core/Src/main.c:591:6:Error_Handler	8	static,ignoring_inline_asm
